============================================================
Job:       9107773
Host:      holygpu8a22502.rc.fas.harvard.edu
Started:   Tue Apr 28 14:12:48 EDT 2026
Workdir:   /n/netscratch/lconnor_lab/Lab/abelotserkovtsev/EuclidPolish
GPUs:
name, driver_version, memory.total [MiB]
NVIDIA A100-SXM4-80GB, 575.57.08, 81920 MiB
============================================================
Python:    /n/holylabs/lconnor_lab/Lab/abelotserkovtsev/bin/python
Python v:  Python 3.12.13
CUDA dev:  0
Existing tfrecords:
-rw-r--r--. 1 abelotserkovtsev lconnor_lab 6.3G Apr 28 13:15 data/images/records/clean_train.tfrecord
-rw-r--r--. 1 abelotserkovtsev lconnor_lab 1.6G Apr 28 13:20 data/images/records/clean_validate.tfrecord
-rw-r--r--. 1 abelotserkovtsev lconnor_lab 1.6G Apr 28 13:25 data/images/records/dirty_train.tfrecord
-rw-r--r--. 1 abelotserkovtsev lconnor_lab 401M Apr 28 13:26 data/images/records/dirty_validate.tfrecord
============================================================
Pipeline started at 2026-04-28 14:13:23
  args = {'catalog': './data/COSMOS', 'psf': './data/euclid_psf/euclid_psf.fits', 'records_dir': './data/images/records', 'checkpoint_dir': './ckpt/wdsr', 'ntrain': 6400, 'nvalid': 1600, 'image_size': 512, 'steps': 400000, 'batch_size': 4, 'evaluate_every': 1000, 'num_res_blocks': 32, 'skip_generate': True, 'skip_convolve': True, 'skip_train': False}
STEP 1 skipped (--skip-generate)
STEP 2 skipped (--skip-convolve)

======================================================================
[2026-04-28 14:13:23] STEP 3: Train WDSR for 400000 steps  (eval every 1000, batch 4)
======================================================================
  TFRecords: ./data/images/records
  Checkpoints: ./ckpt/wdsr
[2026-04-28 14:14:47] Step 1000/400000: loss = 0.0224, PSNR = 51.967 (80.91s)
  ✓ Checkpoint saved (PSNR: 51.967)
[2026-04-28 14:15:27] Step 2000/400000: loss = 0.0036, PSNR = 55.323 (38.92s)
  ✓ Checkpoint saved (PSNR: 55.323)
[2026-04-28 14:16:05] Step 3000/400000: loss = 0.0027, PSNR = 55.670 (38.01s)
  ✓ Checkpoint saved (PSNR: 55.670)
[2026-04-28 14:16:44] Step 4000/400000: loss = 0.0021, PSNR = 56.029 (38.03s)
  ✓ Checkpoint saved (PSNR: 56.029)
[2026-04-28 14:17:22] Step 5000/400000: loss = 0.0019, PSNR = 57.481 (38.03s)
  ✓ Checkpoint saved (PSNR: 57.481)
[2026-04-28 14:18:01] Step 6000/400000: loss = 0.0018, PSNR = 58.001 (38.01s)
  ✓ Checkpoint saved (PSNR: 58.001)
[2026-04-28 14:18:39] Step 7000/400000: loss = 0.0016, PSNR = 57.995 (37.98s)
[2026-04-28 14:19:17] Step 8000/400000: loss = 0.0015, PSNR = 58.741 (38.01s)
  ✓ Checkpoint saved (PSNR: 58.741)
[2026-04-28 14:19:55] Step 9000/400000: loss = 170.9688, PSNR = -47.671 (38.01s)
[2026-04-28 14:20:33] Step 10000/400000: loss = 22.3427, PSNR = 38.378 (38.00s)
[2026-04-28 14:21:11] Step 11000/400000: loss = 0.0705, PSNR = 44.626 (38.04s)
[2026-04-28 14:21:49] Step 12000/400000: loss = 0.0362, PSNR = 47.475 (38.01s)
[2026-04-28 14:22:27] Step 13000/400000: loss = 0.0245, PSNR = 48.456 (38.06s)
[2026-04-28 14:23:06] Step 14000/400000: loss = 0.0249, PSNR = 49.325 (38.03s)
[2026-04-28 14:23:44] Step 15000/400000: loss = 0.0212, PSNR = 49.352 (38.09s)
[2026-04-28 14:24:22] Step 16000/400000: loss = 0.0132, PSNR = 49.339 (37.99s)
[2026-04-28 14:25:00] Step 17000/400000: loss = 0.0122, PSNR = 49.031 (38.00s)
[2026-04-28 14:25:38] Step 18000/400000: loss = 0.0118, PSNR = 49.860 (37.98s)
[2026-04-28 14:26:16] Step 19000/400000: loss = 55.5450, PSNR = 36.186 (38.02s)
[2026-04-28 14:26:54] Step 20000/400000: loss = 0.0763, PSNR = 46.642 (38.04s)
[2026-04-28 14:27:32] Step 21000/400000: loss = 0.0235, PSNR = 49.121 (38.04s)
[2026-04-28 14:28:10] Step 22000/400000: loss = 0.0168, PSNR = 50.075 (38.02s)
[2026-04-28 14:28:48] Step 23000/400000: loss = 0.0120, PSNR = 50.100 (37.95s)
[2026-04-28 14:29:26] Step 24000/400000: loss = 0.0110, PSNR = 49.243 (38.06s)
[2026-04-28 14:30:04] Step 25000/400000: loss = 0.0103, PSNR = 50.079 (38.00s)
[2026-04-28 14:30:42] Step 26000/400000: loss = 0.0083, PSNR = 50.121 (38.00s)
[2026-04-28 14:31:20] Step 27000/400000: loss = 0.0093, PSNR = 50.145 (38.05s)
[2026-04-28 14:31:58] Step 28000/400000: loss = 0.0088, PSNR = 49.917 (38.01s)
[2026-04-28 14:32:36] Step 29000/400000: loss = 0.0063, PSNR = 50.263 (38.04s)
[2026-04-28 14:33:14] Step 30000/400000: loss = 0.0128, PSNR = 50.104 (37.99s)
[2026-04-28 14:33:52] Step 31000/400000: loss = 0.0055, PSNR = 50.221 (38.08s)
[2026-04-28 14:34:30] Step 32000/400000: loss = 0.0054, PSNR = 50.425 (37.94s)
[2026-04-28 14:35:08] Step 33000/400000: loss = 0.0052, PSNR = 50.564 (38.03s)
[2026-04-28 14:35:46] Step 34000/400000: loss = 0.0049, PSNR = 50.201 (37.97s)
[2026-04-28 14:36:24] Step 35000/400000: loss = 0.0046, PSNR = 51.470 (38.04s)
[2026-04-28 14:37:02] Step 36000/400000: loss = 0.1300, PSNR = 50.101 (38.01s)
[2026-04-28 14:37:40] Step 37000/400000: loss = 0.0047, PSNR = 49.844 (38.03s)
[2026-04-28 14:38:18] Step 38000/400000: loss = 0.0038, PSNR = 50.650 (37.98s)
[2026-04-28 14:38:56] Step 39000/400000: loss = 0.0038, PSNR = 51.257 (37.98s)
[2026-04-28 14:39:34] Step 40000/400000: loss = 0.0031, PSNR = 51.839 (38.03s)
[2026-04-28 14:40:12] Step 41000/400000: loss = 0.0030, PSNR = 53.328 (37.95s)
[2026-04-28 14:40:50] Step 42000/400000: loss = 0.0024, PSNR = 54.577 (38.02s)
[2026-04-28 14:41:28] Step 43000/400000: loss = 0.0020, PSNR = 55.429 (37.98s)
[2026-04-28 14:42:06] Step 44000/400000: loss = 0.0021, PSNR = 54.868 (38.05s)
[2026-04-28 14:42:44] Step 45000/400000: loss = 0.0020, PSNR = 56.657 (38.02s)
[2026-04-28 14:43:22] Step 46000/400000: loss = 0.0018, PSNR = 57.750 (38.02s)
[2026-04-28 14:44:00] Step 47000/400000: loss = 0.0016, PSNR = 57.833 (38.03s)
[2026-04-28 14:44:38] Step 48000/400000: loss = 0.0016, PSNR = 57.512 (38.00s)
[2026-04-28 14:45:16] Step 49000/400000: loss = 0.0015, PSNR = 58.349 (38.02s)
[2026-04-28 14:45:54] Step 50000/400000: loss = 0.0014, PSNR = 59.135 (38.00s)
  ✓ Checkpoint saved (PSNR: 59.135)
[2026-04-28 14:46:33] Step 51000/400000: loss = 0.0014, PSNR = 58.225 (38.02s)
[2026-04-28 14:47:11] Step 52000/400000: loss = 0.0015, PSNR = 59.724 (38.02s)
  ✓ Checkpoint saved (PSNR: 59.724)
[2026-04-28 14:47:49] Step 53000/400000: loss = 0.0012, PSNR = 59.483 (38.04s)
[2026-04-28 14:48:27] Step 54000/400000: loss = 0.0013, PSNR = 59.231 (38.02s)
[2026-04-28 14:49:05] Step 55000/400000: loss = 0.0011, PSNR = 60.345 (38.03s)
  ✓ Checkpoint saved (PSNR: 60.345)
[2026-04-28 14:49:44] Step 56000/400000: loss = 0.0011, PSNR = 60.144 (38.02s)
[2026-04-28 14:50:22] Step 57000/400000: loss = 0.0012, PSNR = 59.819 (38.03s)
[2026-04-28 14:51:00] Step 58000/400000: loss = 0.0011, PSNR = 58.433 (38.01s)
[2026-04-28 14:51:38] Step 59000/400000: loss = 0.0009, PSNR = 61.179 (37.95s)
  ✓ Checkpoint saved (PSNR: 61.179)
[2026-04-28 14:52:16] Step 60000/400000: loss = 0.0010, PSNR = 60.581 (38.05s)
[2026-04-28 14:52:54] Step 61000/400000: loss = 0.0010, PSNR = 59.699 (38.02s)
[2026-04-28 14:53:32] Step 62000/400000: loss = 0.0008, PSNR = 59.126 (38.02s)
[2026-04-28 14:54:10] Step 63000/400000: loss = 0.0008, PSNR = 62.712 (38.00s)
  ✓ Checkpoint saved (PSNR: 62.712)
[2026-04-28 14:54:49] Step 64000/400000: loss = 0.0008, PSNR = 60.261 (38.05s)
[2026-04-28 14:55:27] Step 65000/400000: loss = 0.0010, PSNR = 63.223 (38.04s)
  ✓ Checkpoint saved (PSNR: 63.223)
[2026-04-28 14:56:05] Step 66000/400000: loss = 0.0008, PSNR = 61.163 (37.97s)
[2026-04-28 14:56:43] Step 67000/400000: loss = 0.0009, PSNR = 63.052 (38.05s)
[2026-04-28 14:57:21] Step 68000/400000: loss = 0.0008, PSNR = 61.152 (37.99s)
[2026-04-28 14:57:59] Step 69000/400000: loss = 0.0010, PSNR = 60.248 (38.04s)
[2026-04-28 14:58:37] Step 70000/400000: loss = 0.0010, PSNR = 61.847 (37.98s)
[2026-04-28 14:59:16] Step 71000/400000: loss = 0.0008, PSNR = 63.436 (38.09s)
  ✓ Checkpoint saved (PSNR: 63.436)
[2026-04-28 14:59:54] Step 72000/400000: loss = 0.0008, PSNR = 61.679 (38.03s)
[2026-04-28 15:00:32] Step 73000/400000: loss = 0.0007, PSNR = 62.895 (38.10s)
[2026-04-28 15:01:10] Step 74000/400000: loss = 0.0008, PSNR = 63.311 (38.05s)
[2026-04-28 15:01:48] Step 75000/400000: loss = 0.0007, PSNR = 63.147 (37.98s)
[2026-04-28 15:02:26] Step 76000/400000: loss = 0.0007, PSNR = 63.550 (38.06s)
  ✓ Checkpoint saved (PSNR: 63.550)
[2026-04-28 15:03:05] Step 77000/400000: loss = 0.0007, PSNR = 63.289 (38.04s)
[2026-04-28 15:03:43] Step 78000/400000: loss = 0.0007, PSNR = 64.164 (38.06s)
  ✓ Checkpoint saved (PSNR: 64.164)
[2026-04-28 15:04:21] Step 79000/400000: loss = 0.0006, PSNR = 63.313 (38.07s)
[2026-04-28 15:04:59] Step 80000/400000: loss = 0.0007, PSNR = 64.564 (38.08s)
  ✓ Checkpoint saved (PSNR: 64.564)
[2026-04-28 15:05:38] Step 81000/400000: loss = 0.0006, PSNR = 64.182 (37.99s)
[2026-04-28 15:06:16] Step 82000/400000: loss = 0.0008, PSNR = 64.854 (38.05s)
  ✓ Checkpoint saved (PSNR: 64.854)
[2026-04-28 15:06:55] Step 83000/400000: loss = 0.0007, PSNR = 64.681 (37.99s)
[2026-04-28 15:07:33] Step 84000/400000: loss = 0.0006, PSNR = 64.967 (38.06s)
  ✓ Checkpoint saved (PSNR: 64.967)
[2026-04-28 15:08:11] Step 85000/400000: loss = 0.0006, PSNR = 64.625 (38.00s)
[2026-04-28 15:08:49] Step 86000/400000: loss = 0.0006, PSNR = 65.544 (38.03s)
  ✓ Checkpoint saved (PSNR: 65.544)
[2026-04-28 15:09:28] Step 87000/400000: loss = 0.0008, PSNR = 63.730 (38.02s)
[2026-04-28 15:10:06] Step 88000/400000: loss = 0.0008, PSNR = 64.161 (38.00s)
[2026-04-28 15:10:44] Step 89000/400000: loss = 0.0008, PSNR = 65.280 (38.04s)
[2026-04-28 15:11:22] Step 90000/400000: loss = 0.0007, PSNR = 64.981 (38.03s)
[2026-04-28 15:12:00] Step 91000/400000: loss = 0.0007, PSNR = 65.412 (38.02s)
[2026-04-28 15:12:38] Step 92000/400000: loss = 0.0007, PSNR = 65.600 (38.04s)
  ✓ Checkpoint saved (PSNR: 65.600)
[2026-04-28 15:13:16] Step 93000/400000: loss = 0.0006, PSNR = 65.705 (38.05s)
  ✓ Checkpoint saved (PSNR: 65.705)
[2026-04-28 15:13:55] Step 94000/400000: loss = 0.0006, PSNR = 65.169 (37.99s)
[2026-04-28 15:14:33] Step 95000/400000: loss = 0.0006, PSNR = 65.518 (38.10s)
[2026-04-28 15:15:11] Step 96000/400000: loss = 0.0007, PSNR = 65.832 (37.99s)
  ✓ Checkpoint saved (PSNR: 65.832)
[2026-04-28 15:15:49] Step 97000/400000: loss = 0.0006, PSNR = 65.670 (38.04s)
[2026-04-28 15:16:27] Step 98000/400000: loss = 0.0006, PSNR = 63.561 (38.05s)
[2026-04-28 15:17:05] Step 99000/400000: loss = 0.0006, PSNR = 66.047 (38.02s)
  ✓ Checkpoint saved (PSNR: 66.047)
[2026-04-28 15:17:44] Step 100000/400000: loss = 0.0007, PSNR = 66.030 (38.03s)
[2026-04-28 15:18:22] Step 101000/400000: loss = 0.0006, PSNR = 64.120 (38.04s)
[2026-04-28 15:19:00] Step 102000/400000: loss = 0.0006, PSNR = 64.961 (38.06s)
[2026-04-28 15:19:38] Step 103000/400000: loss = 0.0006, PSNR = 65.571 (38.03s)
[2026-04-28 15:20:16] Step 104000/400000: loss = 0.0006, PSNR = 66.017 (38.01s)
[2026-04-28 15:20:54] Step 105000/400000: loss = 0.0006, PSNR = 64.316 (37.98s)
[2026-04-28 15:21:32] Step 106000/400000: loss = 0.0006, PSNR = 59.453 (38.05s)
[2026-04-28 15:22:10] Step 107000/400000: loss = 0.0006, PSNR = 65.580 (38.02s)
[2026-04-28 15:22:48] Step 108000/400000: loss = 0.0006, PSNR = 66.427 (38.01s)
  ✓ Checkpoint saved (PSNR: 66.427)
[2026-04-28 15:23:26] Step 109000/400000: loss = 0.0006, PSNR = 65.747 (38.04s)
[2026-04-28 15:24:04] Step 110000/400000: loss = 0.0006, PSNR = 66.292 (38.00s)
[2026-04-28 15:24:42] Step 111000/400000: loss = 0.0006, PSNR = 66.474 (38.04s)
  ✓ Checkpoint saved (PSNR: 66.474)
[2026-04-28 15:25:21] Step 112000/400000: loss = 0.0006, PSNR = 60.138 (38.02s)
[2026-04-28 15:25:59] Step 113000/400000: loss = 0.0006, PSNR = 66.458 (38.07s)
[2026-04-28 15:26:37] Step 114000/400000: loss = 0.0006, PSNR = 66.358 (38.00s)
[2026-04-28 15:27:15] Step 115000/400000: loss = 0.0006, PSNR = 65.714 (38.05s)
[2026-04-28 15:27:53] Step 116000/400000: loss = 0.0006, PSNR = 65.802 (38.06s)
[2026-04-28 15:28:31] Step 117000/400000: loss = 0.0006, PSNR = 65.945 (38.09s)
[2026-04-28 15:29:09] Step 118000/400000: loss = 0.0006, PSNR = 66.032 (38.01s)
[2026-04-28 15:29:47] Step 119000/400000: loss = 0.0006, PSNR = 66.243 (38.12s)
[2026-04-28 15:30:25] Step 120000/400000: loss = 0.0006, PSNR = 64.985 (38.05s)
[2026-04-28 15:31:03] Step 121000/400000: loss = 0.0006, PSNR = 66.670 (38.04s)
  ✓ Checkpoint saved (PSNR: 66.670)
[2026-04-28 15:31:42] Step 122000/400000: loss = 0.0006, PSNR = 60.223 (38.02s)
[2026-04-28 15:32:20] Step 123000/400000: loss = 0.0005, PSNR = 66.581 (38.05s)
[2026-04-28 15:32:58] Step 124000/400000: loss = 0.0006, PSNR = 66.709 (38.04s)
  ✓ Checkpoint saved (PSNR: 66.709)
[2026-04-28 15:33:37] Step 125000/400000: loss = 0.0006, PSNR = 66.359 (38.03s)
[2026-04-28 15:34:15] Step 126000/400000: loss = 0.0006, PSNR = 62.552 (38.04s)
[2026-04-28 15:34:53] Step 127000/400000: loss = 0.0006, PSNR = 66.523 (38.02s)
[2026-04-28 15:35:31] Step 128000/400000: loss = 0.0006, PSNR = 66.461 (38.10s)
[2026-04-28 15:36:09] Step 129000/400000: loss = 0.0005, PSNR = 66.498 (38.03s)
[2026-04-28 15:36:47] Step 130000/400000: loss = 0.0006, PSNR = 66.096 (38.05s)
[2026-04-28 15:37:25] Step 131000/400000: loss = 0.0006, PSNR = 66.829 (38.04s)
  ✓ Checkpoint saved (PSNR: 66.829)
[2026-04-28 15:38:04] Step 132000/400000: loss = 0.0006, PSNR = 66.677 (38.01s)
[2026-04-28 15:38:42] Step 133000/400000: loss = 0.0005, PSNR = 66.385 (37.99s)
[2026-04-28 15:39:20] Step 134000/400000: loss = 0.0006, PSNR = 66.774 (38.04s)
[2026-04-28 15:39:58] Step 135000/400000: loss = 0.0006, PSNR = 66.382 (38.04s)
[2026-04-28 15:40:36] Step 136000/400000: loss = 0.0006, PSNR = 66.491 (38.04s)
[2026-04-28 15:41:14] Step 137000/400000: loss = 0.0006, PSNR = 66.714 (38.04s)
[2026-04-28 15:41:52] Step 138000/400000: loss = 0.0006, PSNR = 66.853 (38.01s)
  ✓ Checkpoint saved (PSNR: 66.853)
[2026-04-28 15:42:30] Step 139000/400000: loss = 0.0005, PSNR = 66.780 (38.09s)
[2026-04-28 15:43:08] Step 140000/400000: loss = 0.0005, PSNR = 67.057 (38.02s)
  ✓ Checkpoint saved (PSNR: 67.057)
[2026-04-28 15:43:47] Step 141000/400000: loss = 0.0005, PSNR = 66.838 (38.05s)
[2026-04-28 15:44:25] Step 142000/400000: loss = 0.0006, PSNR = 66.501 (37.99s)
[2026-04-28 15:45:03] Step 143000/400000: loss = 0.0006, PSNR = 66.515 (38.08s)
[2026-04-28 15:45:41] Step 144000/400000: loss = 0.0006, PSNR = 66.279 (38.00s)
[2026-04-28 15:46:19] Step 145000/400000: loss = 0.0005, PSNR = 66.869 (38.11s)
[2026-04-28 15:46:57] Step 146000/400000: loss = 0.0005, PSNR = 65.687 (38.03s)
[2026-04-28 15:47:35] Step 147000/400000: loss = 0.0006, PSNR = 66.360 (38.00s)
[2026-04-28 15:48:13] Step 148000/400000: loss = 0.0006, PSNR = 66.442 (38.08s)
[2026-04-28 15:48:51] Step 149000/400000: loss = 0.0005, PSNR = 66.909 (38.01s)
[2026-04-28 15:49:29] Step 150000/400000: loss = 0.0005, PSNR = 66.874 (38.09s)
[2026-04-28 15:50:07] Step 151000/400000: loss = 0.0005, PSNR = 66.728 (37.95s)
[2026-04-28 15:50:45] Step 152000/400000: loss = 0.0005, PSNR = 67.060 (38.10s)
  ✓ Checkpoint saved (PSNR: 67.060)
[2026-04-28 15:51:24] Step 153000/400000: loss = 0.0006, PSNR = 66.489 (37.99s)
[2026-04-28 15:52:02] Step 154000/400000: loss = 0.0005, PSNR = 66.787 (38.04s)
[2026-04-28 15:52:40] Step 155000/400000: loss = 0.0005, PSNR = 66.854 (38.02s)
[2026-04-28 15:53:18] Step 156000/400000: loss = 0.0005, PSNR = 65.146 (38.03s)
[2026-04-28 15:53:56] Step 157000/400000: loss = 0.0005, PSNR = 66.472 (38.03s)
[2026-04-28 15:54:34] Step 158000/400000: loss = 0.0005, PSNR = 67.226 (38.02s)
  ✓ Checkpoint saved (PSNR: 67.226)
[2026-04-28 15:55:12] Step 159000/400000: loss = 0.0006, PSNR = 66.085 (38.05s)
[2026-04-28 15:55:50] Step 160000/400000: loss = 0.0005, PSNR = 66.680 (38.00s)
[2026-04-28 15:56:28] Step 161000/400000: loss = 0.0006, PSNR = 66.732 (38.13s)
[2026-04-28 15:57:07] Step 162000/400000: loss = 0.0005, PSNR = 65.831 (38.05s)
[2026-04-28 15:57:45] Step 163000/400000: loss = 0.0005, PSNR = 67.200 (38.08s)
[2026-04-28 15:58:23] Step 164000/400000: loss = 0.0005, PSNR = 66.989 (38.00s)
[2026-04-28 15:59:01] Step 165000/400000: loss = 0.0005, PSNR = 65.102 (38.08s)
[2026-04-28 15:59:39] Step 166000/400000: loss = 0.0006, PSNR = 66.424 (38.05s)
[2026-04-28 16:00:17] Step 167000/400000: loss = 0.0005, PSNR = 67.171 (38.08s)
[2026-04-28 16:00:55] Step 168000/400000: loss = 0.0005, PSNR = 67.026 (38.00s)
[2026-04-28 16:01:33] Step 169000/400000: loss = 0.0005, PSNR = 66.342 (37.99s)
[2026-04-28 16:02:11] Step 170000/400000: loss = 0.0006, PSNR = 66.555 (38.06s)
[2026-04-28 16:02:49] Step 171000/400000: loss = 0.0005, PSNR = 65.748 (38.01s)
[2026-04-28 16:03:27] Step 172000/400000: loss = 0.0006, PSNR = 65.430 (38.04s)
[2026-04-28 16:04:05] Step 173000/400000: loss = 0.0005, PSNR = 67.411 (38.04s)
  ✓ Checkpoint saved (PSNR: 67.411)
[2026-04-28 16:04:44] Step 174000/400000: loss = 0.0005, PSNR = 67.219 (38.07s)
[2026-04-28 16:05:22] Step 175000/400000: loss = 0.0005, PSNR = 66.342 (38.01s)
[2026-04-28 16:06:00] Step 176000/400000: loss = 0.0005, PSNR = 65.736 (38.06s)
[2026-04-28 16:06:38] Step 177000/400000: loss = 0.0005, PSNR = 67.132 (37.98s)
[2026-04-28 16:07:16] Step 178000/400000: loss = 0.0005, PSNR = 66.953 (38.07s)
[2026-04-28 16:07:54] Step 179000/400000: loss = 0.0005, PSNR = 66.412 (38.03s)
[2026-04-28 16:08:32] Step 180000/400000: loss = 0.0005, PSNR = 66.212 (38.05s)
[2026-04-28 16:09:10] Step 181000/400000: loss = 0.0006, PSNR = 65.702 (38.08s)
[2026-04-28 16:09:48] Step 182000/400000: loss = 0.0005, PSNR = 67.269 (38.02s)
[2026-04-28 16:10:26] Step 183000/400000: loss = 0.0005, PSNR = 67.201 (38.08s)
[2026-04-28 16:11:04] Step 184000/400000: loss = 0.0005, PSNR = 67.364 (37.99s)
[2026-04-28 16:11:42] Step 185000/400000: loss = 0.0005, PSNR = 67.147 (38.07s)
[2026-04-28 16:12:20] Step 186000/400000: loss = 0.0005, PSNR = 67.281 (38.03s)
[2026-04-28 16:12:58] Step 187000/400000: loss = 0.0005, PSNR = 66.226 (38.04s)
[2026-04-28 16:13:36] Step 188000/400000: loss = 0.0006, PSNR = 67.070 (38.03s)
[2026-04-28 16:14:14] Step 189000/400000: loss = 0.0005, PSNR = 66.388 (38.04s)
[2026-04-28 16:14:52] Step 190000/400000: loss = 0.0005, PSNR = 67.299 (38.06s)
[2026-04-28 16:15:30] Step 191000/400000: loss = 0.0005, PSNR = 67.157 (38.09s)
[2026-04-28 16:16:08] Step 192000/400000: loss = 0.0005, PSNR = 67.114 (38.04s)
[2026-04-28 16:16:46] Step 193000/400000: loss = 0.0005, PSNR = 64.978 (38.03s)
[2026-04-28 16:17:25] Step 194000/400000: loss = 0.0005, PSNR = 66.984 (38.07s)
[2026-04-28 16:18:03] Step 195000/400000: loss = 0.0005, PSNR = 67.142 (38.02s)
[2026-04-28 16:18:41] Step 196000/400000: loss = 0.0005, PSNR = 66.721 (38.07s)
[2026-04-28 16:19:19] Step 197000/400000: loss = 0.0005, PSNR = 66.324 (38.07s)
[2026-04-28 16:19:57] Step 198000/400000: loss = 0.0005, PSNR = 67.606 (38.07s)
  ✓ Checkpoint saved (PSNR: 67.606)
[2026-04-28 16:20:35] Step 199000/400000: loss = 0.0005, PSNR = 67.179 (38.05s)
[2026-04-28 16:21:13] Step 200000/400000: loss = 0.0005, PSNR = 67.425 (38.08s)
[2026-04-28 16:21:51] Step 201000/400000: loss = 0.0004, PSNR = 67.417 (38.02s)
[2026-04-28 16:22:29] Step 202000/400000: loss = 0.0004, PSNR = 67.489 (38.06s)
[2026-04-28 16:23:08] Step 203000/400000: loss = 0.0004, PSNR = 67.692 (38.06s)
  ✓ Checkpoint saved (PSNR: 67.692)
[2026-04-28 16:23:46] Step 204000/400000: loss = 0.0004, PSNR = 67.677 (38.00s)
[2026-04-28 16:24:24] Step 205000/400000: loss = 0.0004, PSNR = 67.854 (38.08s)
  ✓ Checkpoint saved (PSNR: 67.854)
[2026-04-28 16:25:02] Step 206000/400000: loss = 0.0004, PSNR = 67.821 (38.04s)
[2026-04-28 16:25:41] Step 207000/400000: loss = 0.0004, PSNR = 67.763 (38.09s)
[2026-04-28 16:26:19] Step 208000/400000: loss = 0.0004, PSNR = 67.476 (38.03s)
[2026-04-28 16:26:57] Step 209000/400000: loss = 0.0004, PSNR = 67.763 (38.02s)
[2026-04-28 16:27:35] Step 210000/400000: loss = 0.0004, PSNR = 66.924 (38.06s)
[2026-04-28 16:28:13] Step 211000/400000: loss = 0.0004, PSNR = 67.442 (38.07s)
[2026-04-28 16:28:51] Step 212000/400000: loss = 0.0004, PSNR = 67.597 (38.05s)
[2026-04-28 16:29:29] Step 213000/400000: loss = 0.0004, PSNR = 67.429 (38.05s)
[2026-04-28 16:30:07] Step 214000/400000: loss = 0.0004, PSNR = 67.893 (38.07s)
  ✓ Checkpoint saved (PSNR: 67.893)
[2026-04-28 16:30:46] Step 215000/400000: loss = 0.0004, PSNR = 67.638 (38.04s)
[2026-04-28 16:31:24] Step 216000/400000: loss = 0.0004, PSNR = 67.679 (38.11s)
[2026-04-28 16:32:02] Step 217000/400000: loss = 0.0004, PSNR = 67.584 (38.04s)
[2026-04-28 16:32:40] Step 218000/400000: loss = 0.0004, PSNR = 67.851 (38.03s)
[2026-04-28 16:33:18] Step 219000/400000: loss = 0.0004, PSNR = 67.801 (38.01s)
[2026-04-28 16:33:56] Step 220000/400000: loss = 0.0004, PSNR = 67.116 (38.08s)
[2026-04-28 16:34:34] Step 221000/400000: loss = 0.0004, PSNR = 66.949 (37.99s)
[2026-04-28 16:35:12] Step 222000/400000: loss = 0.0004, PSNR = 67.923 (38.10s)
  ✓ Checkpoint saved (PSNR: 67.923)
[2026-04-28 16:35:51] Step 223000/400000: loss = 0.0004, PSNR = 67.467 (38.11s)
[2026-04-28 16:36:29] Step 224000/400000: loss = 0.0004, PSNR = 67.583 (38.05s)
[2026-04-28 16:37:07] Step 225000/400000: loss = 0.0004, PSNR = 67.602 (38.10s)
[2026-04-28 16:37:45] Step 226000/400000: loss = 0.0004, PSNR = 67.370 (38.03s)
[2026-04-28 16:38:23] Step 227000/400000: loss = 0.0004, PSNR = 67.839 (38.07s)
[2026-04-28 16:39:01] Step 228000/400000: loss = 0.0004, PSNR = 67.635 (38.00s)
[2026-04-28 16:39:39] Step 229000/400000: loss = 0.0004, PSNR = 67.561 (38.01s)
[2026-04-28 16:40:17] Step 230000/400000: loss = 0.0004, PSNR = 67.642 (38.01s)
[2026-04-28 16:40:55] Step 231000/400000: loss = 0.0004, PSNR = 67.574 (38.06s)
[2026-04-28 16:41:33] Step 232000/400000: loss = 0.0004, PSNR = 67.331 (38.07s)
[2026-04-28 16:42:11] Step 233000/400000: loss = 0.0004, PSNR = 67.778 (38.02s)
[2026-04-28 16:42:49] Step 234000/400000: loss = 0.0004, PSNR = 67.743 (38.01s)
