============================================================
Job:       9215461
Host:      holygpu8a22505.rc.fas.harvard.edu
Started:   Tue Apr 28 23:34:34 EDT 2026
Workdir:   /n/netscratch/lconnor_lab/Lab/abelotserkovtsev/EuclidPolish
GPUs:
name, driver_version, memory.total [MiB]
NVIDIA A100-SXM4-80GB, 575.57.08, 81920 MiB
============================================================
Python:    /n/holylabs/lconnor_lab/Lab/abelotserkovtsev/bin/python
Python v:  Python 3.12.13
CUDA dev:  0
============================================================
Pipeline started at 2026-04-28 23:35:07
  args = {'catalog': './data/COSMOS', 'psf': './data/euclid_psf/euclid_psf.fits', 'records_dir': './data/images/records', 'checkpoint_dir': './ckpt/wdsr', 'ntrain': 6400, 'nvalid': 200, 'image_size': 512, 'steps': 400000, 'batch_size': 16, 'evaluate_every': 1000, 'num_res_blocks': 32, 'skip_generate': False, 'skip_convolve': False, 'skip_train': False}

======================================================================
[2026-04-28 23:35:07] STEP 1: Generate clean fields  (6400 train + 200 valid, 512² @ 0.05"/pix)
======================================================================
[2026-04-28 23:35:07] COSMOS catalog: /n/netscratch/lconnor_lab/Lab/abelotserkovtsev/EuclidPolish/data/COSMOS/real_galaxy_catalog_25.2.fits  (81499 objects)
[2026-04-28 23:35:07] Train generation: starting (6400 images)
[2026-04-28 23:55:36] Train generation: done — 6400 images, 1228.2 s
[2026-04-28 23:55:36] Validate generation: starting (200 images)
[2026-04-28 23:56:14] Validate generation: done — 200 images, 38.4 s

======================================================================
[2026-04-28 23:56:14] STEP 2: Convolve HR → LR  (512² → 256²)
======================================================================
[2026-04-28 23:56:14] PSF: (1023, 1023), 0.05"/pix
[2026-04-28 23:56:26] Convolution (train): starting on 6400 images
[2026-04-29 00:01:01] Convolution (train): done — 275.2 s → ./data/images/records/dirty_train.tfrecord
[2026-04-29 00:01:02] Convolution (validate): starting on 200 images
[2026-04-29 00:01:10] Convolution (validate): done — 8.6 s → ./data/images/records/dirty_validate.tfrecord

======================================================================
[2026-04-29 00:01:10] STEP 3: Train WDSR for 400000 steps  (eval every 1000, batch 16)
======================================================================
  TFRecords: ./data/images/records
  Checkpoints: ./ckpt/wdsr
[2026-04-29 00:02:42] Step 1000/400000: loss = 0.0143, PSNR(str/raw) = 55.299/101.808 dB, |g| avg/max = 1.36/72.4 (88.27s)
  ✓ Checkpoint saved (PSNR str=55.299, raw=101.808 dB)
[2026-04-29 00:03:26] Step 2000/400000: loss = 0.0016, PSNR(str/raw) = 55.843/102.187 dB, |g| avg/max = 0.495/1.03 (44.03s)
  ✓ Checkpoint saved (PSNR str=55.843, raw=102.187 dB)
[2026-04-29 00:04:13] Step 3000/400000: loss = 0.0014, PSNR(str/raw) = 56.508/102.941 dB, |g| avg/max = 0.373/0.765 (46.35s)
  ✓ Checkpoint saved (PSNR str=56.508, raw=102.941 dB)
[2026-04-29 00:04:58] Step 4000/400000: loss = 0.0012, PSNR(str/raw) = 56.985/103.343 dB, |g| avg/max = 0.318/0.71 (44.45s)
  ✓ Checkpoint saved (PSNR str=56.985, raw=103.343 dB)
[2026-04-29 00:05:43] Step 5000/400000: loss = 0.0012, PSNR(str/raw) = 57.114/104.208 dB, |g| avg/max = 0.293/0.68 (44.21s)
  ✓ Checkpoint saved (PSNR str=57.114, raw=104.208 dB)
[2026-04-29 00:06:28] Step 6000/400000: loss = 0.0011, PSNR(str/raw) = 57.827/105.014 dB, |g| avg/max = 0.293/0.636 (44.04s)
  ✓ Checkpoint saved (PSNR str=57.827, raw=105.014 dB)
[2026-04-29 00:07:12] Step 7000/400000: loss = 0.0011, PSNR(str/raw) = 58.570/105.772 dB, |g| avg/max = 0.288/0.635 (44.08s)
  ✓ Checkpoint saved (PSNR str=58.570, raw=105.772 dB)
[2026-04-29 00:07:57] Step 8000/400000: loss = 0.0010, PSNR(str/raw) = 58.165/105.496 dB, |g| avg/max = 0.295/0.643 (44.04s)
[2026-04-29 00:08:41] Step 9000/400000: loss = 0.0010, PSNR(str/raw) = 58.157/104.883 dB, |g| avg/max = 0.296/0.631 (44.08s)
[2026-04-29 00:09:25] Step 10000/400000: loss = 0.0010, PSNR(str/raw) = 57.243/103.560 dB, |g| avg/max = 0.28/0.744 (44.05s)
[2026-04-29 00:10:09] Step 11000/400000: loss = 0.0009, PSNR(str/raw) = 58.882/105.560 dB, |g| avg/max = 0.316/0.644 (44.07s)
  ✓ Checkpoint saved (PSNR str=58.882, raw=105.560 dB)
[2026-04-29 00:10:53] Step 12000/400000: loss = 0.0009, PSNR(str/raw) = 59.834/106.567 dB, |g| avg/max = 0.316/0.654 (44.06s)
  ✓ Checkpoint saved (PSNR str=59.834, raw=106.567 dB)
[2026-04-29 00:11:38] Step 13000/400000: loss = 0.0009, PSNR(str/raw) = 59.524/106.327 dB, |g| avg/max = 0.35/0.64 (43.98s)
[2026-04-29 00:12:22] Step 14000/400000: loss = 0.0008, PSNR(str/raw) = 60.093/104.190 dB, |g| avg/max = 0.353/0.644 (44.05s)
  ✓ Checkpoint saved (PSNR str=60.093, raw=104.190 dB)
[2026-04-29 00:13:06] Step 15000/400000: loss = 0.0008, PSNR(str/raw) = 61.558/107.221 dB, |g| avg/max = 0.348/0.645 (44.02s)
  ✓ Checkpoint saved (PSNR str=61.558, raw=107.221 dB)
[2026-04-29 00:13:51] Step 16000/400000: loss = 0.0007, PSNR(str/raw) = 59.706/106.534 dB, |g| avg/max = 0.366/0.644 (43.97s)
[2026-04-29 00:14:35] Step 17000/400000: loss = 0.0007, PSNR(str/raw) = 61.873/107.954 dB, |g| avg/max = 0.371/0.643 (44.15s)
  ✓ Checkpoint saved (PSNR str=61.873, raw=107.954 dB)
[2026-04-29 00:15:20] Step 18000/400000: loss = 0.0008, PSNR(str/raw) = 60.983/105.835 dB, |g| avg/max = 0.346/0.652 (43.99s)
[2026-04-29 00:16:04] Step 19000/400000: loss = 0.0007, PSNR(str/raw) = 61.128/103.088 dB, |g| avg/max = 0.374/0.645 (44.04s)
[2026-04-29 00:16:48] Step 20000/400000: loss = 0.0007, PSNR(str/raw) = 62.310/107.257 dB, |g| avg/max = 0.373/0.661 (44.01s)
  ✓ Checkpoint saved (PSNR str=62.310, raw=107.257 dB)
[2026-04-29 00:17:35] Step 21000/400000: loss = 0.0007, PSNR(str/raw) = 62.569/108.041 dB, |g| avg/max = 0.379/0.662 (46.63s)
  ✓ Checkpoint saved (PSNR str=62.569, raw=108.041 dB)
[2026-04-29 00:18:20] Step 22000/400000: loss = 0.0007, PSNR(str/raw) = 63.391/109.688 dB, |g| avg/max = 0.394/0.651 (44.28s)
  ✓ Checkpoint saved (PSNR str=63.391, raw=109.688 dB)
[2026-04-29 00:19:04] Step 23000/400000: loss = 0.0007, PSNR(str/raw) = 60.663/106.745 dB, |g| avg/max = 0.387/0.655 (44.04s)
[2026-04-29 00:19:48] Step 24000/400000: loss = 0.0008, PSNR(str/raw) = 62.488/107.753 dB, |g| avg/max = 0.357/0.657 (44.08s)
[2026-04-29 00:20:33] Step 25000/400000: loss = 0.0007, PSNR(str/raw) = 63.300/108.565 dB, |g| avg/max = 0.403/0.658 (44.11s)
[2026-04-29 00:21:17] Step 26000/400000: loss = 0.0007, PSNR(str/raw) = 63.448/109.251 dB, |g| avg/max = 0.404/0.647 (44.15s)
  ✓ Checkpoint saved (PSNR str=63.448, raw=109.251 dB)
[2026-04-29 00:22:01] Step 27000/400000: loss = 0.0006, PSNR(str/raw) = 63.058/109.589 dB, |g| avg/max = 0.397/0.65 (44.14s)
[2026-04-29 00:22:46] Step 28000/400000: loss = 0.0006, PSNR(str/raw) = 63.356/108.707 dB, |g| avg/max = 0.41/0.651 (44.21s)
[2026-04-29 00:23:30] Step 29000/400000: loss = 0.0006, PSNR(str/raw) = 63.660/109.399 dB, |g| avg/max = 0.413/0.651 (44.10s)
  ✓ Checkpoint saved (PSNR str=63.660, raw=109.399 dB)
[2026-04-29 00:24:17] Step 30000/400000: loss = 0.0006, PSNR(str/raw) = 63.746/109.593 dB, |g| avg/max = 0.412/0.67 (46.53s)
  ✓ Checkpoint saved (PSNR str=63.746, raw=109.593 dB)
[2026-04-29 00:25:02] Step 31000/400000: loss = 0.0006, PSNR(str/raw) = 63.755/110.834 dB, |g| avg/max = 0.41/0.658 (44.57s)
  ✓ Checkpoint saved (PSNR str=63.755, raw=110.834 dB)
[2026-04-29 00:25:46] Step 32000/400000: loss = 0.0006, PSNR(str/raw) = 63.489/108.455 dB, |g| avg/max = 0.435/0.656 (44.18s)
[2026-04-29 00:26:30] Step 33000/400000: loss = 0.0006, PSNR(str/raw) = 63.466/109.456 dB, |g| avg/max = 0.422/0.651 (44.04s)
[2026-04-29 00:27:14] Step 34000/400000: loss = 0.0006, PSNR(str/raw) = 63.565/110.358 dB, |g| avg/max = 0.427/0.66 (44.03s)
[2026-04-29 00:27:59] Step 35000/400000: loss = 0.0006, PSNR(str/raw) = 63.090/105.525 dB, |g| avg/max = 0.446/0.645 (44.04s)
[2026-04-29 00:28:43] Step 36000/400000: loss = 0.0006, PSNR(str/raw) = 62.521/108.608 dB, |g| avg/max = 0.437/0.642 (44.07s)
[2026-04-29 00:29:27] Step 37000/400000: loss = 0.0006, PSNR(str/raw) = 63.997/108.281 dB, |g| avg/max = 0.448/0.631 (44.03s)
  ✓ Checkpoint saved (PSNR str=63.997, raw=108.281 dB)
[2026-04-29 00:30:11] Step 38000/400000: loss = 0.0006, PSNR(str/raw) = 63.959/110.264 dB, |g| avg/max = 0.447/0.646 (44.04s)
[2026-04-29 00:30:55] Step 39000/400000: loss = 0.0006, PSNR(str/raw) = 62.994/109.668 dB, |g| avg/max = 0.435/0.654 (44.10s)
[2026-04-29 00:31:39] Step 40000/400000: loss = 0.0006, PSNR(str/raw) = 64.094/109.730 dB, |g| avg/max = 0.431/0.653 (44.01s)
  ✓ Checkpoint saved (PSNR str=64.094, raw=109.730 dB)
[2026-04-29 00:32:24] Step 41000/400000: loss = 0.0006, PSNR(str/raw) = 64.400/110.946 dB, |g| avg/max = 0.443/0.663 (44.04s)
  ✓ Checkpoint saved (PSNR str=64.400, raw=110.946 dB)
[2026-04-29 00:33:08] Step 42000/400000: loss = 0.0006, PSNR(str/raw) = 64.104/108.275 dB, |g| avg/max = 0.436/0.663 (43.98s)
[2026-04-29 00:33:52] Step 43000/400000: loss = 0.0006, PSNR(str/raw) = 62.967/109.059 dB, |g| avg/max = 0.437/0.661 (44.02s)
[2026-04-29 00:34:36] Step 44000/400000: loss = 0.0006, PSNR(str/raw) = 63.970/110.475 dB, |g| avg/max = 0.452/0.641 (44.10s)
[2026-04-29 00:35:20] Step 45000/400000: loss = 0.0006, PSNR(str/raw) = 64.197/111.217 dB, |g| avg/max = 0.452/0.657 (44.02s)
[2026-04-29 00:36:05] Step 46000/400000: loss = 0.0005, PSNR(str/raw) = 64.202/109.842 dB, |g| avg/max = 0.459/0.654 (44.04s)
[2026-04-29 00:36:51] Step 47000/400000: loss = 0.0005, PSNR(str/raw) = 64.076/109.802 dB, |g| avg/max = 0.467/0.666 (46.76s)
[2026-04-29 00:37:36] Step 48000/400000: loss = 0.0006, PSNR(str/raw) = 64.424/109.844 dB, |g| avg/max = 0.443/0.671 (44.44s)
  ✓ Checkpoint saved (PSNR str=64.424, raw=109.844 dB)
[2026-04-29 00:38:20] Step 49000/400000: loss = 0.0006, PSNR(str/raw) = 63.933/110.526 dB, |g| avg/max = 0.448/0.647 (44.11s)
[2026-04-29 00:39:04] Step 50000/400000: loss = 0.0006, PSNR(str/raw) = 64.365/110.432 dB, |g| avg/max = 0.477/0.657 (44.08s)
[2026-04-29 00:39:49] Step 51000/400000: loss = 0.0006, PSNR(str/raw) = 63.789/108.962 dB, |g| avg/max = 0.465/0.665 (44.14s)
[2026-04-29 00:40:33] Step 52000/400000: loss = 0.0006, PSNR(str/raw) = 64.563/110.900 dB, |g| avg/max = 0.435/0.813 (44.16s)
  ✓ Checkpoint saved (PSNR str=64.563, raw=110.900 dB)
[2026-04-29 00:41:18] Step 53000/400000: loss = 0.0005, PSNR(str/raw) = 64.296/111.103 dB, |g| avg/max = 0.47/0.651 (44.33s)
[2026-04-29 00:42:02] Step 54000/400000: loss = 0.0005, PSNR(str/raw) = 64.180/109.863 dB, |g| avg/max = 0.463/0.671 (44.05s)
[2026-04-29 00:42:46] Step 55000/400000: loss = 0.0006, PSNR(str/raw) = 64.184/109.927 dB, |g| avg/max = 0.458/0.659 (44.19s)
[2026-04-29 00:43:30] Step 56000/400000: loss = 0.0005, PSNR(str/raw) = 64.161/110.867 dB, |g| avg/max = 0.458/0.657 (44.16s)
[2026-04-29 00:44:16] Step 57000/400000: loss = 0.0006, PSNR(str/raw) = 63.997/109.693 dB, |g| avg/max = 0.457/0.666 (45.53s)
[2026-04-29 00:45:00] Step 58000/400000: loss = 0.0006, PSNR(str/raw) = 63.656/109.569 dB, |g| avg/max = 0.467/0.649 (44.18s)
[2026-04-29 00:45:44] Step 59000/400000: loss = 0.0005, PSNR(str/raw) = 62.934/107.980 dB, |g| avg/max = 0.463/0.656 (44.57s)
[2026-04-29 00:46:28] Step 60000/400000: loss = 0.0006, PSNR(str/raw) = 63.620/109.572 dB, |g| avg/max = 0.47/0.664 (44.02s)
[2026-04-29 00:47:14] Step 61000/400000: loss = 0.0005, PSNR(str/raw) = 63.861/108.669 dB, |g| avg/max = 0.471/0.672 (45.68s)
[2026-04-29 00:48:02] Step 62000/400000: loss = 0.0005, PSNR(str/raw) = 64.506/110.517 dB, |g| avg/max = 0.478/0.665 (47.90s)
[2026-04-29 00:48:52] Step 63000/400000: loss = 0.0006, PSNR(str/raw) = 64.144/109.936 dB, |g| avg/max = 0.463/0.667 (49.98s)
[2026-04-29 00:49:42] Step 64000/400000: loss = 0.0005, PSNR(str/raw) = 64.378/110.139 dB, |g| avg/max = 0.476/0.668 (50.49s)
[2026-04-29 00:50:33] Step 65000/400000: loss = 0.0005, PSNR(str/raw) = 64.443/110.698 dB, |g| avg/max = 0.473/0.66 (50.22s)
[2026-04-29 00:51:23] Step 66000/400000: loss = 0.0005, PSNR(str/raw) = 64.435/111.541 dB, |g| avg/max = 0.474/0.668 (50.28s)
[2026-04-29 00:52:13] Step 67000/400000: loss = 0.0005, PSNR(str/raw) = 62.292/107.019 dB, |g| avg/max = 0.476/0.655 (50.35s)
[2026-04-29 00:53:04] Step 68000/400000: loss = 0.0005, PSNR(str/raw) = 64.507/110.294 dB, |g| avg/max = 0.479/0.665 (50.33s)
[2026-04-29 00:53:54] Step 69000/400000: loss = 0.0006, PSNR(str/raw) = 64.020/110.821 dB, |g| avg/max = 0.481/0.656 (50.14s)
[2026-04-29 00:54:45] Step 70000/400000: loss = 0.0006, PSNR(str/raw) = 64.140/110.038 dB, |g| avg/max = 0.463/0.674 (50.90s)
[2026-04-29 00:55:35] Step 71000/400000: loss = 0.0005, PSNR(str/raw) = 64.263/107.590 dB, |g| avg/max = 0.476/0.685 (50.08s)
[2026-04-29 00:56:25] Step 72000/400000: loss = 0.0005, PSNR(str/raw) = 64.506/111.880 dB, |g| avg/max = 0.492/0.682 (50.20s)
[2026-04-29 00:57:15] Step 73000/400000: loss = 0.0005, PSNR(str/raw) = 61.481/103.660 dB, |g| avg/max = 0.471/0.668 (50.18s)
[2026-04-29 00:58:06] Step 74000/400000: loss = 0.0005, PSNR(str/raw) = 64.465/111.033 dB, |g| avg/max = 0.476/0.675 (50.27s)
[2026-04-29 00:58:56] Step 75000/400000: loss = 0.0005, PSNR(str/raw) = 64.574/110.846 dB, |g| avg/max = 0.484/0.665 (50.34s)
  ✓ Checkpoint saved (PSNR str=64.574, raw=110.846 dB)
[2026-04-29 00:59:47] Step 76000/400000: loss = 0.0005, PSNR(str/raw) = 64.355/110.312 dB, |g| avg/max = 0.472/0.657 (50.44s)
[2026-04-29 01:00:37] Step 77000/400000: loss = 0.0005, PSNR(str/raw) = 64.342/110.361 dB, |g| avg/max = 0.47/0.674 (50.42s)
[2026-04-29 01:01:28] Step 78000/400000: loss = 0.0005, PSNR(str/raw) = 64.668/109.801 dB, |g| avg/max = 0.486/0.666 (50.36s)
  ✓ Checkpoint saved (PSNR str=64.668, raw=109.801 dB)
[2026-04-29 01:02:19] Step 79000/400000: loss = 0.0005, PSNR(str/raw) = 64.518/111.532 dB, |g| avg/max = 0.486/0.676 (50.37s)
[2026-04-29 01:03:09] Step 80000/400000: loss = 0.0005, PSNR(str/raw) = 64.140/109.832 dB, |g| avg/max = 0.48/0.648 (50.31s)
[2026-04-29 01:03:57] Step 81000/400000: loss = 0.0005, PSNR(str/raw) = 64.553/110.829 dB, |g| avg/max = 0.468/0.654 (47.17s)
[2026-04-29 01:04:42] Step 82000/400000: loss = 0.0005, PSNR(str/raw) = 64.536/110.953 dB, |g| avg/max = 0.486/0.657 (45.34s)
[2026-04-29 01:05:27] Step 83000/400000: loss = 0.0005, PSNR(str/raw) = 64.575/112.696 dB, |g| avg/max = 0.486/0.657 (45.49s)
[2026-04-29 01:06:12] Step 84000/400000: loss = 0.0005, PSNR(str/raw) = 64.598/110.171 dB, |g| avg/max = 0.49/0.678 (44.71s)
[2026-04-29 01:06:58] Step 85000/400000: loss = 0.0005, PSNR(str/raw) = 64.510/110.955 dB, |g| avg/max = 0.483/0.667 (45.50s)
[2026-04-29 01:07:43] Step 86000/400000: loss = 0.0005, PSNR(str/raw) = 64.693/111.277 dB, |g| avg/max = 0.489/0.665 (45.22s)
  ✓ Checkpoint saved (PSNR str=64.693, raw=111.277 dB)
[2026-04-29 01:08:28] Step 87000/400000: loss = 0.0005, PSNR(str/raw) = 64.491/110.534 dB, |g| avg/max = 0.481/0.652 (45.00s)
[2026-04-29 01:09:14] Step 88000/400000: loss = 0.0005, PSNR(str/raw) = 64.669/110.818 dB, |g| avg/max = 0.485/0.677 (45.35s)
[2026-04-29 01:09:58] Step 89000/400000: loss = 0.0005, PSNR(str/raw) = 64.881/113.142 dB, |g| avg/max = 0.491/0.658 (44.65s)
  ✓ Checkpoint saved (PSNR str=64.881, raw=113.142 dB)
[2026-04-29 01:10:44] Step 90000/400000: loss = 0.0005, PSNR(str/raw) = 64.566/110.906 dB, |g| avg/max = 0.489/0.686 (45.43s)
[2026-04-29 01:11:29] Step 91000/400000: loss = 0.0005, PSNR(str/raw) = 64.148/108.503 dB, |g| avg/max = 0.478/0.655 (45.00s)
[2026-04-29 01:12:15] Step 92000/400000: loss = 0.0005, PSNR(str/raw) = 64.749/111.862 dB, |g| avg/max = 0.493/0.657 (45.21s)
[2026-04-29 01:13:00] Step 93000/400000: loss = 0.0005, PSNR(str/raw) = 64.854/112.908 dB, |g| avg/max = 0.47/0.653 (45.26s)
[2026-04-29 01:13:45] Step 94000/400000: loss = 0.0005, PSNR(str/raw) = 64.678/110.856 dB, |g| avg/max = 0.494/0.673 (44.89s)
[2026-04-29 01:14:31] Step 95000/400000: loss = 0.0005, PSNR(str/raw) = 63.797/109.589 dB, |g| avg/max = 0.495/0.673 (45.79s)
[2026-04-29 01:15:15] Step 96000/400000: loss = 0.0005, PSNR(str/raw) = 64.790/111.706 dB, |g| avg/max = 0.488/0.661 (44.79s)
[2026-04-29 01:16:01] Step 97000/400000: loss = 0.0005, PSNR(str/raw) = 64.582/111.239 dB, |g| avg/max = 0.499/0.654 (45.39s)
[2026-04-29 01:16:46] Step 98000/400000: loss = 0.0005, PSNR(str/raw) = 64.781/111.192 dB, |g| avg/max = 0.485/0.655 (44.84s)
[2026-04-29 01:17:31] Step 99000/400000: loss = 0.0005, PSNR(str/raw) = 64.354/110.618 dB, |g| avg/max = 0.49/0.664 (45.47s)
[2026-04-29 01:18:17] Step 100000/400000: loss = 0.0005, PSNR(str/raw) = 64.711/112.131 dB, |g| avg/max = 0.484/0.665 (45.43s)
[2026-04-29 01:19:01] Step 101000/400000: loss = 0.0005, PSNR(str/raw) = 64.669/111.777 dB, |g| avg/max = 0.487/0.659 (44.73s)
[2026-04-29 01:19:47] Step 102000/400000: loss = 0.0005, PSNR(str/raw) = 64.584/109.833 dB, |g| avg/max = 0.483/0.663 (45.35s)
[2026-04-29 01:20:31] Step 103000/400000: loss = 0.0005, PSNR(str/raw) = 64.638/111.347 dB, |g| avg/max = 0.496/0.672 (44.77s)
[2026-04-29 01:21:17] Step 104000/400000: loss = 0.0005, PSNR(str/raw) = 64.840/112.675 dB, |g| avg/max = 0.494/0.686 (45.71s)
[2026-04-29 01:22:02] Step 105000/400000: loss = 0.0005, PSNR(str/raw) = 64.380/110.809 dB, |g| avg/max = 0.5/0.671 (45.08s)
[2026-04-29 01:22:48] Step 106000/400000: loss = 0.0005, PSNR(str/raw) = 64.875/112.220 dB, |g| avg/max = 0.492/0.659 (45.51s)
[2026-04-29 01:23:33] Step 107000/400000: loss = 0.0005, PSNR(str/raw) = 64.716/107.868 dB, |g| avg/max = 0.485/0.663 (45.39s)
[2026-04-29 01:24:18] Step 108000/400000: loss = 0.0005, PSNR(str/raw) = 64.829/109.842 dB, |g| avg/max = 0.496/0.658 (45.10s)
[2026-04-29 01:25:04] Step 109000/400000: loss = 0.0005, PSNR(str/raw) = 64.718/111.862 dB, |g| avg/max = 0.499/0.656 (45.41s)
[2026-04-29 01:25:49] Step 110000/400000: loss = 0.0005, PSNR(str/raw) = 64.332/111.588 dB, |g| avg/max = 0.511/0.677 (44.70s)
[2026-04-29 01:26:34] Step 111000/400000: loss = 0.0005, PSNR(str/raw) = 64.799/112.621 dB, |g| avg/max = 0.492/0.65 (45.40s)
[2026-04-29 01:27:19] Step 112000/400000: loss = 0.0005, PSNR(str/raw) = 64.780/111.964 dB, |g| avg/max = 0.506/0.681 (45.39s)
[2026-04-29 01:28:04] Step 113000/400000: loss = 0.0005, PSNR(str/raw) = 64.382/111.322 dB, |g| avg/max = 0.502/0.669 (44.75s)
[2026-04-29 01:28:49] Step 114000/400000: loss = 0.0005, PSNR(str/raw) = 64.803/111.305 dB, |g| avg/max = 0.502/0.67 (45.28s)
[2026-04-29 01:29:34] Step 115000/400000: loss = 0.0005, PSNR(str/raw) = 64.728/109.322 dB, |g| avg/max = 0.494/0.66 (45.01s)
[2026-04-29 01:30:20] Step 116000/400000: loss = 0.0005, PSNR(str/raw) = 64.804/113.439 dB, |g| avg/max = 0.498/0.67 (45.61s)
[2026-04-29 01:31:05] Step 117000/400000: loss = 0.0005, PSNR(str/raw) = 64.597/109.757 dB, |g| avg/max = 0.491/0.659 (44.71s)
[2026-04-29 01:31:50] Step 118000/400000: loss = 0.0005, PSNR(str/raw) = 64.543/109.375 dB, |g| avg/max = 0.506/0.666 (45.44s)
[2026-04-29 01:32:35] Step 119000/400000: loss = 0.0005, PSNR(str/raw) = 64.690/110.639 dB, |g| avg/max = 0.493/0.66 (45.10s)
[2026-04-29 01:33:20] Step 120000/400000: loss = 0.0005, PSNR(str/raw) = 64.943/111.316 dB, |g| avg/max = 0.503/0.669 (44.97s)
  ✓ Checkpoint saved (PSNR str=64.943, raw=111.316 dB)
[2026-04-29 01:34:06] Step 121000/400000: loss = 0.0005, PSNR(str/raw) = 64.838/113.695 dB, |g| avg/max = 0.5/0.66 (45.41s)
[2026-04-29 01:34:51] Step 122000/400000: loss = 0.0005, PSNR(str/raw) = 64.779/110.771 dB, |g| avg/max = 0.49/0.665 (44.92s)
[2026-04-29 01:35:37] Step 123000/400000: loss = 0.0005, PSNR(str/raw) = 64.855/109.571 dB, |g| avg/max = 0.498/0.669 (45.50s)
[2026-04-29 01:36:22] Step 124000/400000: loss = 0.0005, PSNR(str/raw) = 64.612/111.106 dB, |g| avg/max = 0.497/0.667 (44.98s)
[2026-04-29 01:37:07] Step 125000/400000: loss = 0.0005, PSNR(str/raw) = 64.748/111.347 dB, |g| avg/max = 0.509/0.663 (45.14s)
[2026-04-29 01:37:52] Step 126000/400000: loss = 0.0005, PSNR(str/raw) = 65.012/113.049 dB, |g| avg/max = 0.499/0.657 (45.22s)
  ✓ Checkpoint saved (PSNR str=65.012, raw=113.049 dB)
[2026-04-29 01:38:37] Step 127000/400000: loss = 0.0005, PSNR(str/raw) = 64.758/112.564 dB, |g| avg/max = 0.51/0.679 (44.89s)
[2026-04-29 01:39:23] Step 128000/400000: loss = 0.0005, PSNR(str/raw) = 65.029/112.001 dB, |g| avg/max = 0.501/0.666 (45.47s)
  ✓ Checkpoint saved (PSNR str=65.029, raw=112.001 dB)
[2026-04-29 01:40:08] Step 129000/400000: loss = 0.0005, PSNR(str/raw) = 64.682/112.066 dB, |g| avg/max = 0.495/0.663 (44.71s)
[2026-04-29 01:40:54] Step 130000/400000: loss = 0.0005, PSNR(str/raw) = 64.658/111.543 dB, |g| avg/max = 0.499/0.67 (45.46s)
[2026-04-29 01:41:39] Step 131000/400000: loss = 0.0005, PSNR(str/raw) = 64.878/110.840 dB, |g| avg/max = 0.494/0.672 (45.05s)
[2026-04-29 01:42:24] Step 132000/400000: loss = 0.0005, PSNR(str/raw) = 64.863/111.594 dB, |g| avg/max = 0.5/0.666 (45.16s)
[2026-04-29 01:43:09] Step 133000/400000: loss = 0.0005, PSNR(str/raw) = 64.718/110.810 dB, |g| avg/max = 0.503/0.667 (45.44s)
[2026-04-29 01:43:54] Step 134000/400000: loss = 0.0005, PSNR(str/raw) = 64.918/111.797 dB, |g| avg/max = 0.498/0.679 (44.69s)
[2026-04-29 01:44:40] Step 135000/400000: loss = 0.0005, PSNR(str/raw) = 64.664/110.813 dB, |g| avg/max = 0.499/0.664 (45.86s)
[2026-04-29 01:45:25] Step 136000/400000: loss = 0.0005, PSNR(str/raw) = 64.767/111.498 dB, |g| avg/max = 0.504/0.666 (44.98s)
[2026-04-29 01:46:10] Step 137000/400000: loss = 0.0005, PSNR(str/raw) = 64.784/110.934 dB, |g| avg/max = 0.507/0.671 (45.35s)
[2026-04-29 01:46:55] Step 138000/400000: loss = 0.0005, PSNR(str/raw) = 64.829/112.576 dB, |g| avg/max = 0.496/0.664 (44.91s)
[2026-04-29 01:47:40] Step 139000/400000: loss = 0.0005, PSNR(str/raw) = 64.686/109.939 dB, |g| avg/max = 0.5/0.66 (45.22s)
[2026-04-29 01:48:26] Step 140000/400000: loss = 0.0005, PSNR(str/raw) = 64.782/110.154 dB, |g| avg/max = 0.491/0.655 (45.37s)
[2026-04-29 01:49:11] Step 141000/400000: loss = 0.0005, PSNR(str/raw) = 64.867/111.807 dB, |g| avg/max = 0.504/0.681 (44.64s)
[2026-04-29 01:49:56] Step 142000/400000: loss = 0.0005, PSNR(str/raw) = 65.091/113.140 dB, |g| avg/max = 0.507/0.662 (45.44s)
  ✓ Checkpoint saved (PSNR str=65.091, raw=113.140 dB)
[2026-04-29 01:50:41] Step 143000/400000: loss = 0.0005, PSNR(str/raw) = 64.865/112.327 dB, |g| avg/max = 0.504/0.687 (44.94s)
[2026-04-29 01:51:27] Step 144000/400000: loss = 0.0005, PSNR(str/raw) = 64.802/112.658 dB, |g| avg/max = 0.499/0.681 (45.52s)
[2026-04-29 01:52:13] Step 145000/400000: loss = 0.0005, PSNR(str/raw) = 64.697/112.103 dB, |g| avg/max = 0.505/0.663 (45.64s)
[2026-04-29 01:52:57] Step 146000/400000: loss = 0.0005, PSNR(str/raw) = 64.819/112.086 dB, |g| avg/max = 0.498/0.669 (44.74s)
[2026-04-29 01:53:43] Step 147000/400000: loss = 0.0005, PSNR(str/raw) = 64.961/112.161 dB, |g| avg/max = 0.507/0.676 (45.31s)
[2026-04-29 01:54:28] Step 148000/400000: loss = 0.0005, PSNR(str/raw) = 64.807/111.558 dB, |g| avg/max = 0.51/0.668 (45.11s)
[2026-04-29 01:55:13] Step 149000/400000: loss = 0.0005, PSNR(str/raw) = 64.797/113.099 dB, |g| avg/max = 0.502/0.663 (45.43s)
[2026-04-29 01:55:58] Step 150000/400000: loss = 0.0005, PSNR(str/raw) = 65.067/112.689 dB, |g| avg/max = 0.494/0.669 (44.63s)
[2026-04-29 01:56:43] Step 151000/400000: loss = 0.0005, PSNR(str/raw) = 64.705/111.647 dB, |g| avg/max = 0.511/0.66 (45.41s)
[2026-04-29 01:57:29] Step 152000/400000: loss = 0.0005, PSNR(str/raw) = 64.479/111.091 dB, |g| avg/max = 0.504/0.679 (45.32s)
[2026-04-29 01:58:14] Step 153000/400000: loss = 0.0005, PSNR(str/raw) = 65.085/112.810 dB, |g| avg/max = 0.51/0.672 (45.01s)
[2026-04-29 01:58:59] Step 154000/400000: loss = 0.0005, PSNR(str/raw) = 64.839/111.417 dB, |g| avg/max = 0.496/0.687 (45.62s)
[2026-04-29 01:59:44] Step 155000/400000: loss = 0.0005, PSNR(str/raw) = 64.983/113.031 dB, |g| avg/max = 0.503/0.678 (44.64s)
[2026-04-29 02:00:29] Step 156000/400000: loss = 0.0005, PSNR(str/raw) = 65.006/112.797 dB, |g| avg/max = 0.508/0.683 (45.42s)
[2026-04-29 02:01:15] Step 157000/400000: loss = 0.0005, PSNR(str/raw) = 65.087/113.180 dB, |g| avg/max = 0.507/0.67 (45.07s)
[2026-04-29 02:02:00] Step 158000/400000: loss = 0.0005, PSNR(str/raw) = 65.098/112.195 dB, |g| avg/max = 0.496/0.676 (45.11s)
  ✓ Checkpoint saved (PSNR str=65.098, raw=112.195 dB)
[2026-04-29 02:02:46] Step 159000/400000: loss = 0.0005, PSNR(str/raw) = 64.913/111.516 dB, |g| avg/max = 0.508/0.667 (45.52s)
[2026-04-29 02:03:30] Step 160000/400000: loss = 0.0005, PSNR(str/raw) = 65.055/112.833 dB, |g| avg/max = 0.504/0.669 (44.80s)
[2026-04-29 02:04:16] Step 161000/400000: loss = 0.0005, PSNR(str/raw) = 64.878/112.550 dB, |g| avg/max = 0.507/0.671 (45.80s)
[2026-04-29 02:05:01] Step 162000/400000: loss = 0.0005, PSNR(str/raw) = 64.910/111.549 dB, |g| avg/max = 0.496/0.667 (44.64s)
[2026-04-29 02:05:46] Step 163000/400000: loss = 0.0005, PSNR(str/raw) = 65.054/112.107 dB, |g| avg/max = 0.504/0.677 (45.39s)
[2026-04-29 02:06:31] Step 164000/400000: loss = 0.0005, PSNR(str/raw) = 64.988/113.234 dB, |g| avg/max = 0.518/0.683 (44.97s)
[2026-04-29 02:07:17] Step 165000/400000: loss = 0.0005, PSNR(str/raw) = 64.902/111.824 dB, |g| avg/max = 0.497/0.661 (45.22s)
[2026-04-29 02:08:02] Step 166000/400000: loss = 0.0005, PSNR(str/raw) = 64.913/110.770 dB, |g| avg/max = 0.51/0.672 (45.44s)
[2026-04-29 02:08:47] Step 167000/400000: loss = 0.0005, PSNR(str/raw) = 64.925/112.118 dB, |g| avg/max = 0.488/0.664 (44.81s)
[2026-04-29 02:09:32] Step 168000/400000: loss = 0.0005, PSNR(str/raw) = 64.840/112.426 dB, |g| avg/max = 0.501/0.666 (45.33s)
[2026-04-29 02:10:17] Step 169000/400000: loss = 0.0005, PSNR(str/raw) = 64.910/113.720 dB, |g| avg/max = 0.505/0.664 (44.69s)
[2026-04-29 02:11:02] Step 170000/400000: loss = 0.0005, PSNR(str/raw) = 64.987/112.362 dB, |g| avg/max = 0.497/0.664 (45.44s)
[2026-04-29 02:11:48] Step 171000/400000: loss = 0.0005, PSNR(str/raw) = 64.860/110.458 dB, |g| avg/max = 0.514/0.679 (45.17s)
[2026-04-29 02:12:33] Step 172000/400000: loss = 0.0005, PSNR(str/raw) = 64.986/112.104 dB, |g| avg/max = 0.503/0.663 (44.94s)
[2026-04-29 02:13:18] Step 173000/400000: loss = 0.0005, PSNR(str/raw) = 64.883/111.670 dB, |g| avg/max = 0.506/0.663 (45.35s)
[2026-04-29 02:14:03] Step 174000/400000: loss = 0.0005, PSNR(str/raw) = 64.958/112.259 dB, |g| avg/max = 0.494/0.679 (44.75s)
[2026-04-29 02:14:48] Step 175000/400000: loss = 0.0005, PSNR(str/raw) = 64.854/110.797 dB, |g| avg/max = 0.503/0.678 (45.55s)
[2026-04-29 02:15:33] Step 176000/400000: loss = 0.0005, PSNR(str/raw) = 65.109/111.601 dB, |g| avg/max = 0.508/0.658 (44.85s)
  ✓ Checkpoint saved (PSNR str=65.109, raw=111.601 dB)
[2026-04-29 02:16:19] Step 177000/400000: loss = 0.0005, PSNR(str/raw) = 64.785/111.309 dB, |g| avg/max = 0.505/0.668 (45.57s)
[2026-04-29 02:17:05] Step 178000/400000: loss = 0.0005, PSNR(str/raw) = 64.993/111.852 dB, |g| avg/max = 0.505/0.661 (45.74s)
[2026-04-29 02:17:50] Step 179000/400000: loss = 0.0005, PSNR(str/raw) = 65.017/113.261 dB, |g| avg/max = 0.504/0.675 (44.69s)
[2026-04-29 02:18:35] Step 180000/400000: loss = 0.0005, PSNR(str/raw) = 65.067/112.684 dB, |g| avg/max = 0.509/0.679 (45.28s)
[2026-04-29 02:19:20] Step 181000/400000: loss = 0.0005, PSNR(str/raw) = 64.804/111.225 dB, |g| avg/max = 0.51/0.681 (44.93s)
[2026-04-29 02:20:06] Step 182000/400000: loss = 0.0005, PSNR(str/raw) = 65.048/112.618 dB, |g| avg/max = 0.509/0.661 (45.69s)
[2026-04-29 02:20:51] Step 183000/400000: loss = 0.0005, PSNR(str/raw) = 65.004/112.237 dB, |g| avg/max = 0.503/0.658 (44.96s)
[2026-04-29 02:21:36] Step 184000/400000: loss = 0.0005, PSNR(str/raw) = 64.893/111.516 dB, |g| avg/max = 0.51/0.675 (45.48s)
[2026-04-29 02:22:22] Step 185000/400000: loss = 0.0005, PSNR(str/raw) = 64.591/111.662 dB, |g| avg/max = 0.513/0.689 (45.45s)
[2026-04-29 02:23:06] Step 186000/400000: loss = 0.0005, PSNR(str/raw) = 65.050/112.287 dB, |g| avg/max = 0.501/0.676 (44.82s)
[2026-04-29 02:23:52] Step 187000/400000: loss = 0.0005, PSNR(str/raw) = 64.851/111.607 dB, |g| avg/max = 0.496/0.659 (45.52s)
[2026-04-29 02:24:37] Step 188000/400000: loss = 0.0005, PSNR(str/raw) = 65.007/110.068 dB, |g| avg/max = 0.51/0.686 (44.80s)
[2026-04-29 02:25:22] Step 189000/400000: loss = 0.0005, PSNR(str/raw) = 65.014/112.582 dB, |g| avg/max = 0.513/0.665 (45.41s)
[2026-04-29 02:26:07] Step 190000/400000: loss = 0.0005, PSNR(str/raw) = 65.004/112.638 dB, |g| avg/max = 0.505/0.655 (45.00s)
[2026-04-29 02:26:52] Step 191000/400000: loss = 0.0005, PSNR(str/raw) = 64.930/112.032 dB, |g| avg/max = 0.499/0.664 (45.23s)
[2026-04-29 02:27:37] Step 192000/400000: loss = 0.0005, PSNR(str/raw) = 65.122/111.879 dB, |g| avg/max = 0.513/0.679 (44.96s)
  ✓ Checkpoint saved (PSNR str=65.122, raw=111.879 dB)
[2026-04-29 02:28:23] Step 193000/400000: loss = 0.0005, PSNR(str/raw) = 65.103/112.618 dB, |g| avg/max = 0.512/0.671 (45.02s)
[2026-04-29 02:29:12] Step 194000/400000: loss = 0.0005, PSNR(str/raw) = 64.973/111.900 dB, |g| avg/max = 0.512/0.677 (49.37s)
[2026-04-29 02:30:02] Step 195000/400000: loss = 0.0005, PSNR(str/raw) = 65.051/111.928 dB, |g| avg/max = 0.497/0.667 (49.24s)
[2026-04-29 02:30:47] Step 196000/400000: loss = 0.0005, PSNR(str/raw) = 65.026/111.983 dB, |g| avg/max = 0.515/0.675 (45.90s)
[2026-04-29 02:31:33] Step 197000/400000: loss = 0.0005, PSNR(str/raw) = 64.889/111.839 dB, |g| avg/max = 0.506/0.667 (45.91s)
[2026-04-29 02:32:19] Step 198000/400000: loss = 0.0005, PSNR(str/raw) = 65.050/112.312 dB, |g| avg/max = 0.515/0.674 (45.93s)
[2026-04-29 02:33:05] Step 199000/400000: loss = 0.0005, PSNR(str/raw) = 65.055/111.521 dB, |g| avg/max = 0.515/0.669 (46.00s)
[2026-04-29 02:33:51] Step 200000/400000: loss = 0.0005, PSNR(str/raw) = 64.758/111.891 dB, |g| avg/max = 0.509/0.672 (45.95s)
[2026-04-29 02:34:37] Step 201000/400000: loss = 0.0004, PSNR(str/raw) = 65.178/111.856 dB, |g| avg/max = 0.42/0.625 (46.14s)
  ✓ Checkpoint saved (PSNR str=65.178, raw=111.856 dB)
[2026-04-29 02:35:24] Step 202000/400000: loss = 0.0004, PSNR(str/raw) = 65.240/113.300 dB, |g| avg/max = 0.452/0.639 (45.93s)
  ✓ Checkpoint saved (PSNR str=65.240, raw=113.300 dB)
[2026-04-29 02:36:11] Step 203000/400000: loss = 0.0004, PSNR(str/raw) = 65.259/112.108 dB, |g| avg/max = 0.453/0.651 (46.05s)
  ✓ Checkpoint saved (PSNR str=65.259, raw=112.108 dB)
[2026-04-29 02:36:57] Step 204000/400000: loss = 0.0004, PSNR(str/raw) = 65.219/113.592 dB, |g| avg/max = 0.46/0.656 (45.99s)
[2026-04-29 02:37:43] Step 205000/400000: loss = 0.0004, PSNR(str/raw) = 65.229/113.695 dB, |g| avg/max = 0.457/0.648 (45.97s)
[2026-04-29 02:38:29] Step 206000/400000: loss = 0.0004, PSNR(str/raw) = 65.283/113.157 dB, |g| avg/max = 0.468/0.669 (45.96s)
  ✓ Checkpoint saved (PSNR str=65.283, raw=113.157 dB)
[2026-04-29 02:39:16] Step 207000/400000: loss = 0.0004, PSNR(str/raw) = 65.251/113.795 dB, |g| avg/max = 0.454/0.648 (45.99s)
[2026-04-29 02:40:02] Step 208000/400000: loss = 0.0004, PSNR(str/raw) = 65.274/112.471 dB, |g| avg/max = 0.464/0.662 (46.14s)
[2026-04-29 02:40:48] Step 209000/400000: loss = 0.0004, PSNR(str/raw) = 65.250/113.274 dB, |g| avg/max = 0.464/0.641 (46.00s)
[2026-04-29 02:41:34] Step 210000/400000: loss = 0.0004, PSNR(str/raw) = 65.290/114.536 dB, |g| avg/max = 0.463/0.675 (46.00s)
  ✓ Checkpoint saved (PSNR str=65.290, raw=114.536 dB)
[2026-04-29 02:42:20] Step 211000/400000: loss = 0.0004, PSNR(str/raw) = 65.279/113.609 dB, |g| avg/max = 0.474/0.65 (45.98s)
[2026-04-29 02:43:07] Step 212000/400000: loss = 0.0004, PSNR(str/raw) = 65.134/112.756 dB, |g| avg/max = 0.459/0.659 (46.21s)
[2026-04-29 02:43:54] Step 213000/400000: loss = 0.0004, PSNR(str/raw) = 65.299/113.213 dB, |g| avg/max = 0.476/0.65 (47.86s)
  ✓ Checkpoint saved (PSNR str=65.299, raw=113.213 dB)
[2026-04-29 02:44:41] Step 214000/400000: loss = 0.0004, PSNR(str/raw) = 65.226/112.925 dB, |g| avg/max = 0.466/0.651 (45.62s)
[2026-04-29 02:45:25] Step 215000/400000: loss = 0.0004, PSNR(str/raw) = 65.250/113.822 dB, |g| avg/max = 0.465/0.645 (44.62s)
[2026-04-29 02:46:10] Step 216000/400000: loss = 0.0004, PSNR(str/raw) = 65.311/113.267 dB, |g| avg/max = 0.46/0.676 (44.61s)
  ✓ Checkpoint saved (PSNR str=65.311, raw=113.267 dB)
[2026-04-29 02:46:55] Step 217000/400000: loss = 0.0004, PSNR(str/raw) = 65.301/113.641 dB, |g| avg/max = 0.466/0.637 (44.61s)
[2026-04-29 02:47:40] Step 218000/400000: loss = 0.0004, PSNR(str/raw) = 65.278/112.832 dB, |g| avg/max = 0.472/0.671 (44.64s)
[2026-04-29 02:48:24] Step 219000/400000: loss = 0.0004, PSNR(str/raw) = 65.243/113.666 dB, |g| avg/max = 0.466/0.65 (44.64s)
[2026-04-29 02:49:09] Step 220000/400000: loss = 0.0004, PSNR(str/raw) = 65.341/112.711 dB, |g| avg/max = 0.472/0.642 (44.60s)
  ✓ Checkpoint saved (PSNR str=65.341, raw=112.711 dB)
[2026-04-29 02:49:57] Step 221000/400000: loss = 0.0004, PSNR(str/raw) = 65.349/114.570 dB, |g| avg/max = 0.469/0.656 (47.67s)
  ✓ Checkpoint saved (PSNR str=65.349, raw=114.570 dB)
[2026-04-29 02:50:44] Step 222000/400000: loss = 0.0004, PSNR(str/raw) = 65.357/114.467 dB, |g| avg/max = 0.457/0.656 (46.13s)
  ✓ Checkpoint saved (PSNR str=65.357, raw=114.467 dB)
[2026-04-29 02:51:29] Step 223000/400000: loss = 0.0004, PSNR(str/raw) = 65.265/113.724 dB, |g| avg/max = 0.473/0.658 (44.64s)
[2026-04-29 02:52:13] Step 224000/400000: loss = 0.0004, PSNR(str/raw) = 65.276/114.308 dB, |g| avg/max = 0.469/0.66 (44.73s)
[2026-04-29 02:52:58] Step 225000/400000: loss = 0.0004, PSNR(str/raw) = 65.140/112.047 dB, |g| avg/max = 0.463/0.672 (44.60s)
[2026-04-29 02:53:43] Step 226000/400000: loss = 0.0004, PSNR(str/raw) = 65.277/112.290 dB, |g| avg/max = 0.466/0.654 (44.63s)
[2026-04-29 02:54:28] Step 227000/400000: loss = 0.0004, PSNR(str/raw) = 65.300/114.481 dB, |g| avg/max = 0.465/0.649 (44.78s)
[2026-04-29 02:55:12] Step 228000/400000: loss = 0.0004, PSNR(str/raw) = 65.312/112.208 dB, |g| avg/max = 0.475/0.656 (44.83s)
[2026-04-29 02:56:00] Step 229000/400000: loss = 0.0004, PSNR(str/raw) = 65.325/114.155 dB, |g| avg/max = 0.471/0.66 (48.00s)
[2026-04-29 02:56:46] Step 230000/400000: loss = 0.0004, PSNR(str/raw) = 65.273/113.584 dB, |g| avg/max = 0.472/0.679 (45.42s)
[2026-04-29 02:57:30] Step 231000/400000: loss = 0.0004, PSNR(str/raw) = 64.947/111.405 dB, |g| avg/max = 0.461/0.653 (44.59s)
[2026-04-29 02:58:15] Step 232000/400000: loss = 0.0004, PSNR(str/raw) = 65.265/113.722 dB, |g| avg/max = 0.464/0.682 (44.66s)
[2026-04-29 02:59:00] Step 233000/400000: loss = 0.0004, PSNR(str/raw) = 65.299/112.505 dB, |g| avg/max = 0.454/0.662 (44.64s)
[2026-04-29 02:59:44] Step 234000/400000: loss = 0.0004, PSNR(str/raw) = 65.288/113.512 dB, |g| avg/max = 0.474/0.655 (44.59s)
[2026-04-29 03:00:29] Step 235000/400000: loss = 0.0004, PSNR(str/raw) = 65.298/112.352 dB, |g| avg/max = 0.463/0.661 (44.64s)
[2026-04-29 03:01:16] Step 236000/400000: loss = 0.0004, PSNR(str/raw) = 65.220/113.577 dB, |g| avg/max = 0.467/0.649 (46.67s)
[2026-04-29 03:02:03] Step 237000/400000: loss = 0.0004, PSNR(str/raw) = 65.305/113.267 dB, |g| avg/max = 0.469/0.659 (47.03s)
[2026-04-29 03:02:47] Step 238000/400000: loss = 0.0004, PSNR(str/raw) = 65.270/112.842 dB, |g| avg/max = 0.468/0.677 (44.53s)
[2026-04-29 03:03:32] Step 239000/400000: loss = 0.0004, PSNR(str/raw) = 65.123/113.582 dB, |g| avg/max = 0.47/0.654 (44.64s)
[2026-04-29 03:04:17] Step 240000/400000: loss = 0.0004, PSNR(str/raw) = 65.285/113.812 dB, |g| avg/max = 0.471/0.653 (44.83s)
[2026-04-29 03:05:01] Step 241000/400000: loss = 0.0004, PSNR(str/raw) = 65.246/114.074 dB, |g| avg/max = 0.466/0.658 (44.64s)
[2026-04-29 03:05:46] Step 242000/400000: loss = 0.0004, PSNR(str/raw) = 65.315/113.284 dB, |g| avg/max = 0.467/0.636 (44.60s)
[2026-04-29 03:06:31] Step 243000/400000: loss = 0.0004, PSNR(str/raw) = 65.145/112.780 dB, |g| avg/max = 0.466/0.644 (44.68s)
[2026-04-29 03:07:17] Step 244000/400000: loss = 0.0004, PSNR(str/raw) = 65.204/113.808 dB, |g| avg/max = 0.467/0.665 (46.26s)
[2026-04-29 03:08:04] Step 245000/400000: loss = 0.0004, PSNR(str/raw) = 65.260/113.032 dB, |g| avg/max = 0.464/0.665 (47.22s)
[2026-04-29 03:08:49] Step 246000/400000: loss = 0.0004, PSNR(str/raw) = 65.066/111.141 dB, |g| avg/max = 0.468/0.655 (44.58s)
[2026-04-29 03:09:34] Step 247000/400000: loss = 0.0004, PSNR(str/raw) = 65.224/111.790 dB, |g| avg/max = 0.467/0.657 (44.63s)
[2026-04-29 03:10:18] Step 248000/400000: loss = 0.0004, PSNR(str/raw) = 65.335/112.921 dB, |g| avg/max = 0.463/0.654 (44.62s)
[2026-04-29 03:11:03] Step 249000/400000: loss = 0.0004, PSNR(str/raw) = 65.248/112.997 dB, |g| avg/max = 0.469/0.661 (44.64s)
[2026-04-29 03:11:47] Step 250000/400000: loss = 0.0004, PSNR(str/raw) = 65.311/113.984 dB, |g| avg/max = 0.481/0.664 (44.56s)
[2026-04-29 03:12:32] Step 251000/400000: loss = 0.0004, PSNR(str/raw) = 65.316/113.751 dB, |g| avg/max = 0.453/0.651 (44.69s)
[2026-04-29 03:13:17] Step 252000/400000: loss = 0.0004, PSNR(str/raw) = 65.308/114.279 dB, |g| avg/max = 0.469/0.661 (44.63s)
[2026-04-29 03:14:04] Step 253000/400000: loss = 0.0004, PSNR(str/raw) = 65.217/113.173 dB, |g| avg/max = 0.463/0.656 (47.05s)
[2026-04-29 03:14:50] Step 254000/400000: loss = 0.0004, PSNR(str/raw) = 65.375/113.905 dB, |g| avg/max = 0.477/0.644 (46.37s)
  ✓ Checkpoint saved (PSNR str=65.375, raw=113.905 dB)
[2026-04-29 03:15:36] Step 255000/400000: loss = 0.0004, PSNR(str/raw) = 65.302/112.859 dB, |g| avg/max = 0.481/0.654 (44.60s)
[2026-04-29 03:16:20] Step 256000/400000: loss = 0.0004, PSNR(str/raw) = 65.314/113.520 dB, |g| avg/max = 0.467/0.64 (44.60s)
[2026-04-29 03:17:05] Step 257000/400000: loss = 0.0004, PSNR(str/raw) = 65.356/113.857 dB, |g| avg/max = 0.467/0.679 (44.65s)
[2026-04-29 03:17:50] Step 258000/400000: loss = 0.0004, PSNR(str/raw) = 65.329/113.655 dB, |g| avg/max = 0.465/0.678 (44.64s)
[2026-04-29 03:18:34] Step 259000/400000: loss = 0.0004, PSNR(str/raw) = 65.258/111.017 dB, |g| avg/max = 0.47/0.651 (44.67s)
[2026-04-29 03:19:19] Step 260000/400000: loss = 0.0004, PSNR(str/raw) = 65.302/113.389 dB, |g| avg/max = 0.468/0.651 (44.66s)
[2026-04-29 03:20:04] Step 261000/400000: loss = 0.0004, PSNR(str/raw) = 65.269/114.124 dB, |g| avg/max = 0.473/0.651 (44.67s)
[2026-04-29 03:20:51] Step 262000/400000: loss = 0.0004, PSNR(str/raw) = 65.206/112.977 dB, |g| avg/max = 0.473/0.653 (47.07s)
[2026-04-29 03:21:37] Step 263000/400000: loss = 0.0004, PSNR(str/raw) = 65.138/111.954 dB, |g| avg/max = 0.462/0.651 (46.41s)
[2026-04-29 03:22:22] Step 264000/400000: loss = 0.0004, PSNR(str/raw) = 65.303/114.155 dB, |g| avg/max = 0.466/0.66 (44.64s)
[2026-04-29 03:23:06] Step 265000/400000: loss = 0.0004, PSNR(str/raw) = 65.254/113.915 dB, |g| avg/max = 0.464/0.678 (44.63s)
[2026-04-29 03:23:51] Step 266000/400000: loss = 0.0004, PSNR(str/raw) = 65.247/112.951 dB, |g| avg/max = 0.469/0.659 (44.59s)
[2026-04-29 03:24:36] Step 267000/400000: loss = 0.0004, PSNR(str/raw) = 65.243/113.929 dB, |g| avg/max = 0.476/0.65 (44.74s)
[2026-04-29 03:25:20] Step 268000/400000: loss = 0.0004, PSNR(str/raw) = 65.282/112.808 dB, |g| avg/max = 0.467/0.673 (44.62s)
[2026-04-29 03:26:05] Step 269000/400000: loss = 0.0004, PSNR(str/raw) = 65.305/114.385 dB, |g| avg/max = 0.469/0.662 (44.70s)
[2026-04-29 03:26:50] Step 270000/400000: loss = 0.0004, PSNR(str/raw) = 65.309/113.178 dB, |g| avg/max = 0.474/0.664 (44.63s)
[2026-04-29 03:27:35] Step 271000/400000: loss = 0.0004, PSNR(str/raw) = 65.249/113.723 dB, |g| avg/max = 0.472/0.65 (44.68s)
[2026-04-29 03:28:22] Step 272000/400000: loss = 0.0004, PSNR(str/raw) = 65.291/112.582 dB, |g| avg/max = 0.469/0.645 (47.27s)
[2026-04-29 03:29:08] Step 273000/400000: loss = 0.0004, PSNR(str/raw) = 65.252/112.887 dB, |g| avg/max = 0.478/0.659 (45.97s)
[2026-04-29 03:29:52] Step 274000/400000: loss = 0.0004, PSNR(str/raw) = 65.270/113.476 dB, |g| avg/max = 0.473/0.655 (44.59s)
[2026-04-29 03:30:37] Step 275000/400000: loss = 0.0004, PSNR(str/raw) = 65.295/112.940 dB, |g| avg/max = 0.472/0.668 (44.63s)
[2026-04-29 03:31:22] Step 276000/400000: loss = 0.0004, PSNR(str/raw) = 65.373/113.806 dB, |g| avg/max = 0.474/0.658 (44.63s)
[2026-04-29 03:32:06] Step 277000/400000: loss = 0.0004, PSNR(str/raw) = 65.214/111.759 dB, |g| avg/max = 0.463/0.66 (44.60s)
[2026-04-29 03:32:51] Step 278000/400000: loss = 0.0004, PSNR(str/raw) = 65.351/114.916 dB, |g| avg/max = 0.472/0.662 (44.62s)
[2026-04-29 03:33:36] Step 279000/400000: loss = 0.0004, PSNR(str/raw) = 65.277/113.544 dB, |g| avg/max = 0.469/0.658 (44.71s)
[2026-04-29 03:34:21] Step 280000/400000: loss = 0.0004, PSNR(str/raw) = 65.236/111.935 dB, |g| avg/max = 0.471/0.647 (45.00s)
[2026-04-29 03:35:05] Step 281000/400000: loss = 0.0004, PSNR(str/raw) = 65.246/112.924 dB, |g| avg/max = 0.464/0.654 (44.71s)
[2026-04-29 03:35:51] Step 282000/400000: loss = 0.0004, PSNR(str/raw) = 65.294/113.620 dB, |g| avg/max = 0.468/0.648 (45.88s)
[2026-04-29 03:36:41] Step 283000/400000: loss = 0.0004, PSNR(str/raw) = 65.242/113.463 dB, |g| avg/max = 0.472/0.66 (49.57s)
[2026-04-29 03:37:30] Step 284000/400000: loss = 0.0004, PSNR(str/raw) = 65.261/113.704 dB, |g| avg/max = 0.474/0.675 (48.63s)
[2026-04-29 03:38:16] Step 285000/400000: loss = 0.0004, PSNR(str/raw) = 65.301/113.675 dB, |g| avg/max = 0.463/0.681 (45.99s)
[2026-04-29 03:39:02] Step 286000/400000: loss = 0.0004, PSNR(str/raw) = 65.230/111.662 dB, |g| avg/max = 0.476/0.662 (45.94s)
[2026-04-29 03:39:48] Step 287000/400000: loss = 0.0004, PSNR(str/raw) = 65.292/112.892 dB, |g| avg/max = 0.47/0.642 (46.09s)
[2026-04-29 03:40:34] Step 288000/400000: loss = 0.0004, PSNR(str/raw) = 65.274/112.696 dB, |g| avg/max = 0.48/0.658 (45.99s)
[2026-04-29 03:41:20] Step 289000/400000: loss = 0.0004, PSNR(str/raw) = 65.255/112.904 dB, |g| avg/max = 0.468/0.653 (46.04s)
[2026-04-29 03:42:06] Step 290000/400000: loss = 0.0004, PSNR(str/raw) = 65.345/114.091 dB, |g| avg/max = 0.472/0.646 (46.00s)
[2026-04-29 03:42:52] Step 291000/400000: loss = 0.0004, PSNR(str/raw) = 65.297/113.166 dB, |g| avg/max = 0.461/0.648 (46.15s)
[2026-04-29 03:43:38] Step 292000/400000: loss = 0.0004, PSNR(str/raw) = 65.292/112.851 dB, |g| avg/max = 0.481/0.672 (46.10s)
[2026-04-29 03:44:24] Step 293000/400000: loss = 0.0004, PSNR(str/raw) = 64.630/109.754 dB, |g| avg/max = 0.468/0.65 (46.32s)
[2026-04-29 03:45:11] Step 294000/400000: loss = 0.0004, PSNR(str/raw) = 65.232/113.200 dB, |g| avg/max = 0.468/0.656 (46.12s)
[2026-04-29 03:45:57] Step 295000/400000: loss = 0.0004, PSNR(str/raw) = 65.091/111.737 dB, |g| avg/max = 0.466/0.651 (46.09s)
[2026-04-29 03:46:43] Step 296000/400000: loss = 0.0004, PSNR(str/raw) = 65.258/112.947 dB, |g| avg/max = 0.476/0.649 (46.21s)
[2026-04-29 03:47:29] Step 297000/400000: loss = 0.0004, PSNR(str/raw) = 65.270/111.241 dB, |g| avg/max = 0.467/0.639 (46.12s)
[2026-04-29 03:48:15] Step 298000/400000: loss = 0.0004, PSNR(str/raw) = 65.284/113.321 dB, |g| avg/max = 0.469/0.663 (46.06s)
[2026-04-29 03:49:01] Step 299000/400000: loss = 0.0004, PSNR(str/raw) = 65.214/112.544 dB, |g| avg/max = 0.469/0.665 (46.03s)
[2026-04-29 03:49:47] Step 300000/400000: loss = 0.0004, PSNR(str/raw) = 65.326/113.801 dB, |g| avg/max = 0.478/0.662 (46.16s)
[2026-04-29 03:50:34] Step 301000/400000: loss = 0.0004, PSNR(str/raw) = 65.260/113.359 dB, |g| avg/max = 0.476/0.653 (46.30s)
[2026-04-29 03:51:22] Step 302000/400000: loss = 0.0004, PSNR(str/raw) = 65.321/113.891 dB, |g| avg/max = 0.467/0.654 (48.21s)
[2026-04-29 03:52:06] Step 303000/400000: loss = 0.0004, PSNR(str/raw) = 65.276/112.682 dB, |g| avg/max = 0.47/0.679 (44.58s)
[2026-04-29 03:52:53] Step 304000/400000: loss = 0.0004, PSNR(str/raw) = 65.323/113.846 dB, |g| avg/max = 0.47/0.665 (46.13s)
[2026-04-29 03:53:40] Step 305000/400000: loss = 0.0004, PSNR(str/raw) = 65.311/113.894 dB, |g| avg/max = 0.475/0.654 (47.34s)
[2026-04-29 03:54:25] Step 306000/400000: loss = 0.0004, PSNR(str/raw) = 65.266/113.571 dB, |g| avg/max = 0.471/0.675 (44.67s)
[2026-04-29 03:55:12] Step 307000/400000: loss = 0.0004, PSNR(str/raw) = 65.347/113.488 dB, |g| avg/max = 0.472/0.666 (46.81s)
[2026-04-29 03:55:58] Step 308000/400000: loss = 0.0004, PSNR(str/raw) = 65.360/113.464 dB, |g| avg/max = 0.472/0.646 (46.78s)
[2026-04-29 03:56:43] Step 309000/400000: loss = 0.0004, PSNR(str/raw) = 65.079/110.542 dB, |g| avg/max = 0.466/0.657 (44.55s)
[2026-04-29 03:57:28] Step 310000/400000: loss = 0.0004, PSNR(str/raw) = 65.285/112.814 dB, |g| avg/max = 0.477/0.663 (45.04s)
[2026-04-29 03:58:16] Step 311000/400000: loss = 0.0004, PSNR(str/raw) = 65.327/113.556 dB, |g| avg/max = 0.468/0.635 (48.17s)
[2026-04-29 03:59:01] Step 312000/400000: loss = 0.0004, PSNR(str/raw) = 65.294/113.668 dB, |g| avg/max = 0.476/0.667 (44.71s)
[2026-04-29 03:59:45] Step 313000/400000: loss = 0.0004, PSNR(str/raw) = 65.241/112.775 dB, |g| avg/max = 0.471/0.652 (44.52s)
[2026-04-29 04:00:30] Step 314000/400000: loss = 0.0004, PSNR(str/raw) = 65.363/113.267 dB, |g| avg/max = 0.471/0.68 (44.64s)
[2026-04-29 04:01:16] Step 315000/400000: loss = 0.0004, PSNR(str/raw) = 65.067/113.309 dB, |g| avg/max = 0.471/0.658 (45.89s)
[2026-04-29 04:02:04] Step 316000/400000: loss = 0.0004, PSNR(str/raw) = 65.328/113.475 dB, |g| avg/max = 0.47/0.646 (47.56s)
[2026-04-29 04:02:48] Step 317000/400000: loss = 0.0004, PSNR(str/raw) = 65.308/114.303 dB, |g| avg/max = 0.473/0.66 (44.55s)
[2026-04-29 04:03:33] Step 318000/400000: loss = 0.0004, PSNR(str/raw) = 65.278/112.226 dB, |g| avg/max = 0.469/0.686 (44.52s)
[2026-04-29 04:04:17] Step 319000/400000: loss = 0.0004, PSNR(str/raw) = 65.281/114.081 dB, |g| avg/max = 0.464/0.652 (44.75s)
[2026-04-29 04:05:02] Step 320000/400000: loss = 0.0004, PSNR(str/raw) = 65.331/114.078 dB, |g| avg/max = 0.476/0.65 (44.53s)
[2026-04-29 04:05:48] Step 321000/400000: loss = 0.0004, PSNR(str/raw) = 65.357/114.099 dB, |g| avg/max = 0.472/0.649 (46.46s)
[2026-04-29 04:06:36] Step 322000/400000: loss = 0.0004, PSNR(str/raw) = 65.340/114.096 dB, |g| avg/max = 0.477/0.652 (47.09s)
[2026-04-29 04:07:20] Step 323000/400000: loss = 0.0004, PSNR(str/raw) = 65.320/112.502 dB, |g| avg/max = 0.475/0.652 (44.58s)
[2026-04-29 04:08:05] Step 324000/400000: loss = 0.0004, PSNR(str/raw) = 65.142/113.377 dB, |g| avg/max = 0.476/0.659 (44.55s)
[2026-04-29 04:08:49] Step 325000/400000: loss = 0.0004, PSNR(str/raw) = 65.253/113.234 dB, |g| avg/max = 0.473/0.66 (44.63s)
[2026-04-29 04:09:34] Step 326000/400000: loss = 0.0004, PSNR(str/raw) = 65.344/113.348 dB, |g| avg/max = 0.473/0.643 (44.54s)
[2026-04-29 04:10:19] Step 327000/400000: loss = 0.0004, PSNR(str/raw) = 65.149/110.888 dB, |g| avg/max = 0.464/0.641 (44.62s)
[2026-04-29 04:11:05] Step 328000/400000: loss = 0.0004, PSNR(str/raw) = 65.355/114.675 dB, |g| avg/max = 0.481/0.657 (46.93s)
[2026-04-29 04:11:52] Step 329000/400000: loss = 0.0004, PSNR(str/raw) = 65.329/113.942 dB, |g| avg/max = 0.476/0.65 (46.78s)
[2026-04-29 04:12:37] Step 330000/400000: loss = 0.0004, PSNR(str/raw) = 65.388/113.013 dB, |g| avg/max = 0.474/0.657 (44.55s)
  ✓ Checkpoint saved (PSNR str=65.388, raw=113.013 dB)
[2026-04-29 04:13:22] Step 331000/400000: loss = 0.0004, PSNR(str/raw) = 65.346/114.200 dB, |g| avg/max = 0.478/0.647 (44.56s)
[2026-04-29 04:14:07] Step 332000/400000: loss = 0.0004, PSNR(str/raw) = 65.242/113.603 dB, |g| avg/max = 0.468/0.669 (44.81s)
[2026-04-29 04:14:52] Step 333000/400000: loss = 0.0004, PSNR(str/raw) = 65.243/113.733 dB, |g| avg/max = 0.477/0.661 (44.87s)
[2026-04-29 04:15:36] Step 334000/400000: loss = 0.0004, PSNR(str/raw) = 65.314/113.223 dB, |g| avg/max = 0.469/0.67 (44.64s)
[2026-04-29 04:16:21] Step 335000/400000: loss = 0.0004, PSNR(str/raw) = 65.316/112.780 dB, |g| avg/max = 0.472/0.646 (44.62s)
[2026-04-29 04:17:08] Step 336000/400000: loss = 0.0004, PSNR(str/raw) = 65.312/112.366 dB, |g| avg/max = 0.475/0.69 (47.43s)
[2026-04-29 04:17:55] Step 337000/400000: loss = 0.0004, PSNR(str/raw) = 65.185/112.857 dB, |g| avg/max = 0.475/0.661 (46.28s)
[2026-04-29 04:18:39] Step 338000/400000: loss = 0.0004, PSNR(str/raw) = 65.316/114.346 dB, |g| avg/max = 0.468/0.647 (44.64s)
[2026-04-29 04:19:24] Step 339000/400000: loss = 0.0004, PSNR(str/raw) = 65.195/113.437 dB, |g| avg/max = 0.473/0.658 (44.64s)
[2026-04-29 04:20:09] Step 340000/400000: loss = 0.0004, PSNR(str/raw) = 65.352/113.693 dB, |g| avg/max = 0.472/0.675 (44.69s)
[2026-04-29 04:20:54] Step 341000/400000: loss = 0.0004, PSNR(str/raw) = 65.306/113.615 dB, |g| avg/max = 0.468/0.665 (45.68s)
[2026-04-29 04:21:40] Step 342000/400000: loss = 0.0004, PSNR(str/raw) = 65.310/114.751 dB, |g| avg/max = 0.478/0.655 (45.28s)
[2026-04-29 04:22:25] Step 343000/400000: loss = 0.0004, PSNR(str/raw) = 65.131/112.775 dB, |g| avg/max = 0.472/0.668 (45.83s)
[2026-04-29 04:23:10] Step 344000/400000: loss = 0.0004, PSNR(str/raw) = 65.292/112.898 dB, |g| avg/max = 0.47/0.654 (44.64s)
[2026-04-29 04:23:57] Step 345000/400000: loss = 0.0004, PSNR(str/raw) = 65.260/113.487 dB, |g| avg/max = 0.478/0.659 (46.77s)
[2026-04-29 04:24:46] Step 346000/400000: loss = 0.0004, PSNR(str/raw) = 65.318/112.515 dB, |g| avg/max = 0.467/0.635 (49.41s)
[2026-04-29 04:25:34] Step 347000/400000: loss = 0.0004, PSNR(str/raw) = 65.300/112.847 dB, |g| avg/max = 0.481/0.667 (47.87s)
[2026-04-29 04:26:20] Step 348000/400000: loss = 0.0004, PSNR(str/raw) = 65.314/113.471 dB, |g| avg/max = 0.479/0.662 (45.86s)
[2026-04-29 04:27:06] Step 349000/400000: loss = 0.0004, PSNR(str/raw) = 65.367/113.536 dB, |g| avg/max = 0.464/0.655 (46.01s)
[2026-04-29 04:27:52] Step 350000/400000: loss = 0.0004, PSNR(str/raw) = 65.295/114.439 dB, |g| avg/max = 0.47/0.661 (45.82s)
[2026-04-29 04:28:38] Step 351000/400000: loss = 0.0004, PSNR(str/raw) = 65.216/113.452 dB, |g| avg/max = 0.486/0.661 (45.88s)
[2026-04-29 04:29:24] Step 352000/400000: loss = 0.0004, PSNR(str/raw) = 65.203/113.627 dB, |g| avg/max = 0.458/0.657 (45.98s)
[2026-04-29 04:30:10] Step 353000/400000: loss = 0.0004, PSNR(str/raw) = 65.292/113.283 dB, |g| avg/max = 0.47/0.666 (45.90s)
[2026-04-29 04:30:56] Step 354000/400000: loss = 0.0004, PSNR(str/raw) = 65.353/114.044 dB, |g| avg/max = 0.479/0.649 (45.88s)
[2026-04-29 04:31:42] Step 355000/400000: loss = 0.0004, PSNR(str/raw) = 65.319/112.830 dB, |g| avg/max = 0.471/0.674 (45.92s)
[2026-04-29 04:32:27] Step 356000/400000: loss = 0.0004, PSNR(str/raw) = 65.340/114.319 dB, |g| avg/max = 0.479/0.657 (45.83s)
[2026-04-29 04:33:13] Step 357000/400000: loss = 0.0004, PSNR(str/raw) = 65.313/112.928 dB, |g| avg/max = 0.474/0.663 (45.82s)
[2026-04-29 04:33:59] Step 358000/400000: loss = 0.0004, PSNR(str/raw) = 65.309/112.814 dB, |g| avg/max = 0.468/0.657 (45.90s)
[2026-04-29 04:34:46] Step 359000/400000: loss = 0.0004, PSNR(str/raw) = 65.299/112.913 dB, |g| avg/max = 0.477/0.674 (46.40s)
[2026-04-29 04:35:32] Step 360000/400000: loss = 0.0004, PSNR(str/raw) = 65.270/112.814 dB, |g| avg/max = 0.475/0.677 (45.92s)
[2026-04-29 04:36:17] Step 361000/400000: loss = 0.0004, PSNR(str/raw) = 65.313/113.455 dB, |g| avg/max = 0.467/0.657 (45.87s)
[2026-04-29 04:37:03] Step 362000/400000: loss = 0.0004, PSNR(str/raw) = 65.326/112.811 dB, |g| avg/max = 0.474/0.664 (45.95s)
[2026-04-29 04:37:50] Step 363000/400000: loss = 0.0004, PSNR(str/raw) = 65.329/113.556 dB, |g| avg/max = 0.468/0.671 (46.24s)
[2026-04-29 04:38:35] Step 364000/400000: loss = 0.0004, PSNR(str/raw) = 65.290/113.635 dB, |g| avg/max = 0.468/0.655 (45.65s)
[2026-04-29 04:39:22] Step 365000/400000: loss = 0.0004, PSNR(str/raw) = 65.220/112.217 dB, |g| avg/max = 0.48/0.641 (46.90s)
[2026-04-29 04:40:07] Step 366000/400000: loss = 0.0004, PSNR(str/raw) = 65.283/113.312 dB, |g| avg/max = 0.481/0.663 (45.14s)
[2026-04-29 04:40:53] Step 367000/400000: loss = 0.0004, PSNR(str/raw) = 65.299/112.779 dB, |g| avg/max = 0.479/0.668 (45.85s)
[2026-04-29 04:41:40] Step 368000/400000: loss = 0.0004, PSNR(str/raw) = 65.331/114.464 dB, |g| avg/max = 0.484/0.665 (46.35s)
[2026-04-29 04:42:25] Step 369000/400000: loss = 0.0004, PSNR(str/raw) = 65.367/113.301 dB, |g| avg/max = 0.467/0.655 (45.61s)
[2026-04-29 04:43:12] Step 370000/400000: loss = 0.0004, PSNR(str/raw) = 65.202/112.909 dB, |g| avg/max = 0.479/0.655 (46.47s)
[2026-04-29 04:43:56] Step 371000/400000: loss = 0.0004, PSNR(str/raw) = 65.267/112.901 dB, |g| avg/max = 0.477/0.66 (44.42s)
[2026-04-29 04:44:43] Step 372000/400000: loss = 0.0004, PSNR(str/raw) = 65.355/113.630 dB, |g| avg/max = 0.477/0.658 (47.06s)
[2026-04-29 04:45:28] Step 373000/400000: loss = 0.0004, PSNR(str/raw) = 65.270/113.150 dB, |g| avg/max = 0.475/0.664 (44.53s)
[2026-04-29 04:46:14] Step 374000/400000: loss = 0.0004, PSNR(str/raw) = 65.409/114.229 dB, |g| avg/max = 0.479/0.649 (46.40s)
  ✓ Checkpoint saved (PSNR str=65.409, raw=114.229 dB)
[2026-04-29 04:47:00] Step 375000/400000: loss = 0.0004, PSNR(str/raw) = 65.298/113.487 dB, |g| avg/max = 0.468/0.661 (45.75s)
[2026-04-29 04:47:45] Step 376000/400000: loss = 0.0004, PSNR(str/raw) = 65.312/113.824 dB, |g| avg/max = 0.475/0.663 (44.86s)
[2026-04-29 04:48:29] Step 377000/400000: loss = 0.0004, PSNR(str/raw) = 65.365/113.796 dB, |g| avg/max = 0.479/0.647 (44.10s)
[2026-04-29 04:49:14] Step 378000/400000: loss = 0.0004, PSNR(str/raw) = 65.335/114.503 dB, |g| avg/max = 0.476/0.657 (44.22s)
[2026-04-29 04:49:59] Step 379000/400000: loss = 0.0004, PSNR(str/raw) = 65.287/113.594 dB, |g| avg/max = 0.474/0.675 (45.12s)
[2026-04-29 04:50:46] Step 380000/400000: loss = 0.0004, PSNR(str/raw) = 65.342/114.107 dB, |g| avg/max = 0.474/0.65 (46.84s)
[2026-04-29 04:51:32] Step 381000/400000: loss = 0.0004, PSNR(str/raw) = 65.322/113.964 dB, |g| avg/max = 0.477/0.667 (46.70s)
[2026-04-29 04:52:18] Step 382000/400000: loss = 0.0004, PSNR(str/raw) = 65.310/114.625 dB, |g| avg/max = 0.483/0.655 (46.09s)
[2026-04-29 04:53:04] Step 383000/400000: loss = 0.0004, PSNR(str/raw) = 65.285/112.827 dB, |g| avg/max = 0.474/0.657 (45.12s)
[2026-04-29 04:53:49] Step 384000/400000: loss = 0.0004, PSNR(str/raw) = 65.364/114.820 dB, |g| avg/max = 0.475/0.663 (45.10s)
[2026-04-29 04:54:34] Step 385000/400000: loss = 0.0004, PSNR(str/raw) = 65.236/113.264 dB, |g| avg/max = 0.472/0.656 (45.62s)
[2026-04-29 04:55:20] Step 386000/400000: loss = 0.0004, PSNR(str/raw) = 65.341/113.952 dB, |g| avg/max = 0.475/0.661 (45.12s)
[2026-04-29 04:56:05] Step 387000/400000: loss = 0.0004, PSNR(str/raw) = 65.384/113.612 dB, |g| avg/max = 0.466/0.657 (45.23s)
[2026-04-29 04:56:50] Step 388000/400000: loss = 0.0004, PSNR(str/raw) = 65.378/112.756 dB, |g| avg/max = 0.486/0.652 (45.12s)
[2026-04-29 04:57:35] Step 389000/400000: loss = 0.0004, PSNR(str/raw) = 65.285/113.654 dB, |g| avg/max = 0.468/0.651 (45.10s)
[2026-04-29 04:58:20] Step 390000/400000: loss = 0.0004, PSNR(str/raw) = 65.252/114.687 dB, |g| avg/max = 0.479/0.663 (45.08s)
[2026-04-29 04:59:05] Step 391000/400000: loss = 0.0004, PSNR(str/raw) = 65.327/113.941 dB, |g| avg/max = 0.475/0.68 (45.09s)
[2026-04-29 04:59:50] Step 392000/400000: loss = 0.0004, PSNR(str/raw) = 65.368/113.323 dB, |g| avg/max = 0.482/0.652 (45.15s)
[2026-04-29 05:00:36] Step 393000/400000: loss = 0.0004, PSNR(str/raw) = 65.300/113.026 dB, |g| avg/max = 0.477/0.666 (45.92s)
[2026-04-29 05:01:21] Step 394000/400000: loss = 0.0004, PSNR(str/raw) = 65.369/112.939 dB, |g| avg/max = 0.474/0.662 (45.12s)
[2026-04-29 05:02:07] Step 395000/400000: loss = 0.0004, PSNR(str/raw) = 65.208/111.109 dB, |g| avg/max = 0.461/0.658 (45.09s)
[2026-04-29 05:02:52] Step 396000/400000: loss = 0.0004, PSNR(str/raw) = 65.350/113.706 dB, |g| avg/max = 0.477/0.671 (45.11s)
[2026-04-29 05:03:37] Step 397000/400000: loss = 0.0004, PSNR(str/raw) = 65.304/112.762 dB, |g| avg/max = 0.485/0.648 (45.09s)
[2026-04-29 05:04:22] Step 398000/400000: loss = 0.0004, PSNR(str/raw) = 65.415/113.668 dB, |g| avg/max = 0.483/0.665 (45.65s)
  ✓ Checkpoint saved (PSNR str=65.415, raw=113.668 dB)
[2026-04-29 05:05:08] Step 399000/400000: loss = 0.0004, PSNR(str/raw) = 65.358/113.878 dB, |g| avg/max = 0.477/0.68 (45.30s)
[2026-04-29 05:05:53] Step 400000/400000: loss = 0.0004, PSNR(str/raw) = 65.355/113.768 dB, |g| avg/max = 0.48/0.66 (45.10s)

Done in 330.8 min
============================================================
Finished:  Wed Apr 29 05:05:58 EDT 2026
============================================================
